:Cannot Connect to xTuple ERP Server.OK_QPushButton	{text='OK' type='QPushButton' unnamed='1' visible='1' window=':Cannot Connect to xTuple ERP Server_QMessageBox'}
:Cannot Connect to xTuple ERP Server_QMessageBox	{type='QMessageBox' unnamed='1' visible='1' windowTitle='Cannot Connect to xTuple ERP Server'}
:Delete Planned Order...._QPushButton	{name='_list' text='...' type='QPushButton' visible='1' window=':Delete Planned Order_deletePlannedOrder'}
:Delete Planned Order.Cancel_QPushButton	{name='_close' text='Cancel' type='QPushButton' visible='1' window=':Delete Planned Order_deletePlannedOrder'}
:Delete Planned Order_deletePlannedOrder	{name='deletePlannedOrder' type='deletePlannedOrder' visible='1' windowTitle='Delete Planned Order'}
:Delete Planned Orders by Planner Code.Cancel_QPushButton	{name='_close' text='Cancel' type='QPushButton' visible='1' window=':Delete Planned Orders by Planner Code_deletePlannedOrdersByPlannerCode'}
:Delete Planned Orders by Planner Code.Delete_QPushButton	{name='_delete' text='Delete' type='QPushButton' visible='1' window=':Delete Planned Orders by Planner Code_deletePlannedOrdersByPlannerCode'}
:Delete Planned Orders by Planner Code.Planning System_QGroupBox	{name='_planningSystemGroup' title='Planning System' type='QGroupBox' visible='1' window=':Delete Planned Orders by Planner Code_deletePlannedOrdersByPlannerCode'}
:Delete Planned Orders by Planner Code._optionsGroup_QGroupBox	{name='_optionsGroup' type='QGroupBox' visible='1' window=':Delete Planned Orders by Planner Code_deletePlannedOrdersByPlannerCode'}
:Delete Planned Orders by Planner Code._plannerCode_ParameterGroup	{name='_plannerCode' type='ParameterGroup' visible='1' window=':Delete Planned Orders by Planner Code_deletePlannedOrdersByPlannerCode'}
:Delete Planned Orders by Planner Code._warehouse_WarehouseGroup	{name='_warehouse' type='WarehouseGroup' visible='1' window=':Delete Planned Orders by Planner Code_deletePlannedOrdersByPlannerCode'}
:Delete Planned Orders by Planner Code_deletePlannedOrdersByPlannerCode	{name='deletePlannedOrdersByPlannerCode' type='deletePlannedOrdersByPlannerCode' visible='1' windowTitle='Delete Planned Orders by Planner Code'}
:Enforce Order Parameters.Maximum Order:_QLabel	{container=':_planningTab.Enforce Order Parameters_QGroupBox' name='_maximumOrderLit' text='Maximum Order:' type='QLabel' visible='1'}
:Enforce Order Parameters.Minimum Order:_QLabel	{container=':_planningTab.Enforce Order Parameters_QGroupBox' name='_minimumOrderLit' text='Minimum Order:' type='QLabel' visible='1'}
:Enforce Order Parameters.Order Multiple:_QLabel	{container=':_planningTab.Enforce Order Parameters_QGroupBox' name='_orderMultipleLit' text='Order Multiple:' type='QLabel' visible='1'}
:Enforce Order Parameters.Order Up To:_QLabel	{container=':_planningTab.Enforce Order Parameters_QGroupBox' name='_orderUpToQtyLit' text='Order Up To:' type='QLabel' visible='1'}
:Enforce Order Parameters.Reorder Level:_QLabel	{container=':_planningTab.Enforce Order Parameters_QGroupBox' name='_reorderLevelLit' text='Reorder Level:' type='QLabel' visible='1'}
:Enter Miscellaneous Adjustment.Cancel_QPushButton	{container=':xTuple ERP:*.Enter Miscellaneous Adjustment_QWorkspaceChild' name='_close' text='Cancel' type='QPushButton' visible='1'}
:Enter Miscellaneous Adjustment.Close_QPushButton	{container=':xTuple ERP:*.Enter Miscellaneous Adjustment_QWorkspaceChild' name='_close' text='Close' type='QPushButton' visible='1'}
:Enter Miscellaneous Adjustment.Post_QPushButton	{container=':xTuple ERP:*.Enter Miscellaneous Adjustment_QWorkspaceChild' name='_post' text='Post' type='QPushButton' visible='1'}
:Enter Miscellaneous Adjustment._adjustmentTypeGroup_QGroupBox	{container=':xTuple ERP:*.Enter Miscellaneous Adjustment_QWorkspaceChild' name='_adjustmentTypeGroup' type='QGroupBox' visible='1'}
:Enter Miscellaneous Adjustment._itemGroup_QGroupBox	{container=':xTuple ERP:*.Enter Miscellaneous Adjustment_QWorkspaceChild' name='_itemGroup' type='QGroupBox' visible='1'}
:Enter Miscellaneous Adjustment._qtyGroup_QGroupBox	{container=':xTuple ERP:*.Enter Miscellaneous Adjustment_QWorkspaceChild' name='_qtyGroup' type='QGroupBox' visible='1'}
:Item Site_itemSite	{name='itemSite' type='itemSite' visible='1' windowTitle='Item Site'}
:List Item Sites.Close_QPushButton	{container=':xTuple ERP:*.List Item Sites_QWorkspaceChild' name='_close' text='Close' type='QPushButton' visible='1'}
:List Item Sites.List Item Sites_QWorkspaceTitleBar	{container=':xTuple ERP:*.List Item Sites_QWorkspaceChild' type='QWorkspaceTitleBar' unnamed='1' visible='1' windowTitle='List Item Sites'}
:List Item Sites.Save_QPushButton	{container=':xTuple ERP:*.List Item Sites_QWorkspaceChild' name='_save' text='Save' type='QPushButton' visible='1'}
:List Item Sites._frame_QFrame	{container=':xTuple ERP:*.List Item Sites_QWorkspaceChild' name='_frame' type='QFrame' visible='1'}
:List Item Sites.qt_tabwidget_stackedwidget_QStackedWidget	{container=':xTuple ERP:*.List Item Sites_QWorkspaceChild' name='qt_tabwidget_stackedwidget' type='QStackedWidget' visible='1'}
:List Item Sites.qt_tabwidget_tabbar_QTabBar	{container=':xTuple ERP:*.List Item Sites_QWorkspaceChild' name='qt_tabwidget_tabbar' type='QTabBar' visible='1'}
:List Users.Close_QPushButton	{container=':xTuple ERP:*.List Users_QWorkspaceChild' name='_close' text='Close' type='QPushButton' visible='1'}
:List Users.Save_QPushButton	{container=':xTuple ERP:*.List Users_QWorkspaceChild' name='_save' text='Save' type='QPushButton' visible='1'}
:List Users._usr_XTreeWidget	{container=':xTuple ERP:*.List Users_QWorkspaceChild' name='_usr' type='XTreeWidget' visible='1'}
:List Users.qt_tabwidget_stackedwidget_QStackedWidget	{container=':xTuple ERP:*.List Users_QWorkspaceChild' name='qt_tabwidget_stackedwidget' type='QStackedWidget' visible='1'}
:Log In.Log in to server I specify_QRadioButton	{name='_otherOption' text='Log in to server I specify' type='QRadioButton' visible='1' window=':Log In_login2'}
:Log In.Login_QPushButton	{name='_login' text='Login' type='QPushButton' visible='1' window=':Log In_login2'}
:Log In.Options..._QPushButton	{name='_options' text='Options...' type='QPushButton' visible='1' window=':Log In_login2'}
:Log In._frame_QFrame	{name='_frame' type='QFrame' visible='1' window=':Log In_login2'}
:Log In_login2	{name='login2' type='login2' visible='1' windowTitle='Log In'}
:Login Options.Database:_QLabel	{name='_databaseLit' text='Database:' type='QLabel' visible='1' window=':Login Options_login2Options'}
:Login Options.Port:_QLabel	{name='_portLit' text='Port:' type='QLabel' visible='1' window=':Login Options_login2Options'}
:Login Options.Save_QPushButton	{name='_save' text='Save' type='QPushButton' visible='1' window=':Login Options_login2Options'}
:Login Options.Server:_QLabel	{name='_serverLit' text='Server:' type='QLabel' visible='1' window=':Login Options_login2Options'}
:Login Options_login2Options	{name='login2Options' type='login2Options' visible='1' windowTitle='Login Options'}
:Planned Orders by Planner Code.Close_QPushButton	{container=':xTuple ERP:*.Planned Orders by Planner Code_QWorkspaceChild' name='_close' text='Close' type='QPushButton' visible='1'}
:Planned Orders by Planner Code.Delete_QPushButton	{container=':xTuple ERP:*.Planned Orders by Planner Code_QWorkspaceChild' name='_delete' text='Delete' type='QPushButton' visible='1'}
:Planned Orders by Planner Code.Query_QPushButton	{container=':xTuple ERP:*.Planned Orders by Planner Code_QWorkspaceChild' name='_query' text='Query' type='QPushButton' visible='1'}
:Planned Orders by Planner Code._plannerCode_ParameterGroup	{container=':xTuple ERP:*.Planned Orders by Planner Code_QWorkspaceChild' name='_plannerCode' type='ParameterGroup' visible='1'}
:Planned Orders by Planner Code._warehouse_WarehouseGroup	{container=':xTuple ERP:*.Planned Orders by Planner Code_QWorkspaceChild' name='_warehouse' type='WarehouseGroup' visible='1'}
:Planned Orders by Planner Code.frame_QFrame	{container=':xTuple ERP:*.Planned Orders by Planner Code_QWorkspaceChild' name='frame' type='QFrame' visible='1'}
:Planned Orders.Cancel_QPushButton	{name='_close' text='Cancel' type='QPushButton' visible='1' window=':Planned Orders_plannedOrderList'}
:Planned Orders_plannedOrderList	{type='plannedOrderList' unnamed='1' visible='1' windowTitle='Planned Orders'}
:Planning System.MPS and MRP_QRadioButton	{container=':Delete Planned Orders by Planner Code.Planning System_QGroupBox' name='_both' text='MPS and MRP' type='QRadioButton' visible='1'}
:Run MPS by Planner Code.Create_QPushButton	{name='_create' text='Create' type='QPushButton' visible='1' window=':Run MPS by Planner Code_runMPSByPlannerCode'}
:Run MPS by Planner Code.XDateEdit_XDateEdit	{name='XDateEdit' type='XDateEdit' visible='1' window=':Run MPS by Planner Code_runMPSByPlannerCode'}
:Run MPS by Planner Code._plannerCode_ParameterGroup	{name='_plannerCode' type='ParameterGroup' visible='1' window=':Run MPS by Planner Code_runMPSByPlannerCode'}
:Run MPS by Planner Code._warehouse_WarehouseGroup	{name='_warehouse' type='WarehouseGroup' visible='1' window=':Run MPS by Planner Code_runMPSByPlannerCode'}
:Run MPS by Planner Code_runMPSByPlannerCode	{name='runMPSByPlannerCode' type='runMPSByPlannerCode' visible='1' windowTitle='Run MPS by Planner Code'}
:Run MRP by Planner Code.Create_QPushButton	{name='_create' text='Create' type='QPushButton' visible='1' window=':Run MRP by Planner Code_createPlannedOrdersByPlannerCode'}
:Run MRP by Planner Code._optionsGroup_QGroupBox	{name='_optionsGroup' type='QGroupBox' visible='1' window=':Run MRP by Planner Code_createPlannedOrdersByPlannerCode'}
:Run MRP by Planner Code._plannerCode_ParameterGroup	{name='_plannerCode' type='ParameterGroup' visible='1' window=':Run MRP by Planner Code_createPlannedOrdersByPlannerCode'}
:Run MRP by Planner Code._warehouse_WarehouseGroup	{name='_warehouse' type='WarehouseGroup' visible='1' window=':Run MRP by Planner Code_createPlannedOrdersByPlannerCode'}
:Run MRP by Planner Code_createPlannedOrdersByPlannerCode	{name='createPlannedOrdersByPlannerCode' type='createPlannedOrdersByPlannerCode' visible='1' windowTitle='Run MRP by Planner Code'}
:Scheduling.First Group_QCheckBox	{container=':_planningTab.Scheduling_QGroupBox' name='_orderGroupFirst' text='First Group' type='QCheckBox' visible='1'}
:Scheduling.Lead Time:_QLabel	{container=':_planningTab.Scheduling_QGroupBox' name='_leadTimeLit' text='Lead Time:' type='QLabel' visible='1'}
:Scheduling._orderGroup_QSpinBox	{container=':_planningTab.Scheduling_QGroupBox' name='_orderGroup' type='QSpinBox' visible='1'}
:Scheduling._safetyStock_XLineEdit	{container=':_planningTab.Scheduling_QGroupBox' name='_safetyStock' type='XLineEdit' visible='1'}
:Scheduling.qt_spinbox_lineedit_QLineEdit	{container=':_planningTab.Scheduling_QGroupBox' name='qt_spinbox_lineedit' type='QLineEdit' visible='1'}
:Scheduling.qt_spinbox_lineedit_QLineEdit_2	{container=':_planningTab.Scheduling_QGroupBox' name='qt_spinbox_lineedit' occurrence='2' type='QLineEdit' visible='1'}
:_adjustmentTypeGroup.Absolute_QRadioButton	{container=':Enter Miscellaneous Adjustment._adjustmentTypeGroup_QGroupBox' name='_absolute' text='Absolute' type='QRadioButton' visible='1'}
:_database_QLineEdit	{buddy=':Login Options.Database:_QLabel' name='_database' type='QLineEdit' visible='1'}
:_frame.Item Sites:_QLabel	{container=':List Item Sites._frame_QFrame' name='_itemSitesLit' text='Item Sites:' type='QLabel' visible='1'}
:_frame.Password:_QLabel	{container=':Log In._frame_QFrame' name='_passwordLit' text='Password:' type='QLabel' visible='1'}
:_frame.Username:_QLabel	{container=':Log In._frame_QFrame' name='_usernameLit' text='Username:' type='QLabel' visible='1'}
:_itemGroup...._QPushButton	{container=':Enter Miscellaneous Adjustment._itemGroup_QGroupBox' name='_itemList' text='...' type='QPushButton' visible='1'}
:_itemGroup.Items:_QLabel	{container=':Enter Miscellaneous Adjustment._itemGroup_QGroupBox' name='_itemsLit' text='Items:' type='QLabel' visible='1'}
:_itemSite_QScrollBar	{container=':_itemSite_XTreeWidget' type='QScrollBar' unnamed='1' visible='1'}
:_itemSite_XTreeWidget	{buddy=':_frame.Item Sites:_QLabel' name='_itemSite' type='XTreeWidget' visible='1'}
:_item_XTreeWidget	{buddy=':_itemGroup.Items:_QLabel' name='_item' type='XTreeWidget' visible='1'}
:_leadTime_QSpinBox	{buddy=':Scheduling.Lead Time:_QLabel' name='_leadTime' type='QSpinBox' visible='1'}
:_maximumOrder_XLineEdit	{buddy=':Enforce Order Parameters.Maximum Order:_QLabel' name='_maximumOrder' type='XLineEdit' visible='1'}
:_minimumOrder_XLineEdit	{buddy=':Enforce Order Parameters.Minimum Order:_QLabel' name='_minimumOrder' type='XLineEdit' visible='1'}
:_module_XComboBox	{buddy=':_privTab.Module:_QLabel' name='_module' type='XComboBox' visible='1'}
:_optionsGroup.Delete Child Orders_QCheckBox	{container=':Delete Planned Orders by Planner Code._optionsGroup_QGroupBox' name='_deleteChildren' text='Delete Child Orders' type='QCheckBox' visible='1'}
:_optionsGroup.Delete Firmed Orders_QCheckBox	{container=':Delete Planned Orders by Planner Code._optionsGroup_QGroupBox' name='_deleteFirmed' text='Delete Firmed Orders' type='QCheckBox' visible='1'}
:_optionsGroup.XDateEdit_XDateEdit	{container=':Run MRP by Planner Code._optionsGroup_QGroupBox' name='XDateEdit' type='XDateEdit' visible='1'}
:_optionsGroup.XDateEdit_XDateEdit_2	{container=':Delete Planned Orders by Planner Code._optionsGroup_QGroupBox' name='XDateEdit' type='XDateEdit' visible='1'}
:_orderMultiple_XLineEdit	{buddy=':Enforce Order Parameters.Order Multiple:_QLabel' name='_orderMultiple' type='XLineEdit' visible='1'}
:_orderUpToQty_XLineEdit	{buddy=':Enforce Order Parameters.Order Up To:_QLabel' name='_orderUpToQty' type='XLineEdit' visible='1'}
:_password_QLineEdit	{buddy=':_frame.Password:_QLabel' name='_password' type='QLineEdit' visible='1'}
:_plannerCode.All Planner Codes_QRadioButton	{container=':Run MRP by Planner Code._plannerCode_ParameterGroup' name='_all' text='All Planner Codes' type='QRadioButton' visible='1'}
:_plannerCode.All Planner Codes_QRadioButton_2	{container=':Run MPS by Planner Code._plannerCode_ParameterGroup' name='_all' text='All Planner Codes' type='QRadioButton' visible='1'}
:_plannerCode.All Planner Codes_QRadioButton_3	{container=':Planned Orders by Planner Code._plannerCode_ParameterGroup' name='_all' text='All Planner Codes' type='QRadioButton' visible='1'}
:_plannerCode.All Planner Codes_QRadioButton_4	{container=':Delete Planned Orders by Planner Code._plannerCode_ParameterGroup' name='_all' text='All Planner Codes' type='QRadioButton' visible='1'}
:_planningTab.Enforce Order Parameters_QGroupBox	{container=':qt_tabwidget_stackedwidget._planningTab_QWidget' name='_useParameters' title='Enforce Order Parameters' type='QGroupBox' visible='1'}
:_planningTab.Scheduling_QGroupBox	{container=':qt_tabwidget_stackedwidget._planningTab_QWidget' name='groupBox' title='Scheduling' type='QGroupBox' visible='1'}
:_port_QLineEdit	{buddy=':Login Options.Port:_QLabel' name='_port' type='QLineEdit' visible='1'}
:_privTab.Add All->>_QPushButton	{container=':qt_tabwidget_stackedwidget._privTab_QWidget' name='_addAll' text='Add All->>' type='QPushButton' visible='1'}
:_privTab.Module:_QLabel	{container=':qt_tabwidget_stackedwidget._privTab_QWidget' name='_moduleLit' text='Module:' type='QLabel' visible='1'}
:_qtyGroup.*_XLabel	{container=':Enter Miscellaneous Adjustment._qtyGroup_QGroupBox' name='_beforeQty' text?='*' type='XLabel' visible='1'}
:_qtyGroup.Adjustment Qty.:_QLabel	{container=':Enter Miscellaneous Adjustment._qtyGroup_QGroupBox' name='_adjustment_QtyLit' text='Adjustment Qty.:' type='QLabel' visible='1'}
:_qty_XLineEdit	{buddy=':_qtyGroup.Adjustment Qty.:_QLabel' name='_qty' type='XLineEdit' visible='1'}
:_reorderLevel_XLineEdit	{buddy=':Enforce Order Parameters.Reorder Level:_QLabel' name='_reorderLevel' type='XLineEdit' visible='1'}
:_server_QLineEdit	{buddy=':Login Options.Server:_QLabel' name='_server' type='QLineEdit' visible='1'}
:_username_QLineEdit	{buddy=':_frame.Username:_QLabel' name='_username' type='QLineEdit' visible='1'}
:_warehouse.All Sites_QRadioButton	{container=':Run MRP by Planner Code._warehouse_WarehouseGroup' name='_all' text='All Sites' type='QRadioButton' visible='1'}
:_warehouse.All Sites_QRadioButton_2	{container=':Planned Orders by Planner Code._warehouse_WarehouseGroup' name='_all' text='All Sites' type='QRadioButton' visible='1'}
:_warehouse.All Sites_QRadioButton_3	{container=':Run MPS by Planner Code._warehouse_WarehouseGroup' name='_all' text='All Sites' type='QRadioButton' visible='1'}
:_warehouse.All Sites_QRadioButton_4	{container=':Delete Planned Orders by Planner Code._warehouse_WarehouseGroup' name='_all' text='All Sites' type='QRadioButton' visible='1'}
:frame._planord_XTreeWidget	{container=':Planned Orders by Planner Code.frame_QFrame' name='_planord' type='XTreeWidget' visible='1'}
:qt_tabwidget_stackedwidget._planningTab_QWidget	{container=':List Item Sites.qt_tabwidget_stackedwidget_QStackedWidget' name='_planningTab' type='QWidget' visible='1'}
:qt_tabwidget_stackedwidget._privTab_QWidget	{container=':List Users.qt_tabwidget_stackedwidget_QStackedWidget' name='_privTab' type='QWidget' visible='1'}
:xTuple ERP:*.Accounting_QMenu	{name='menu.accnt' title='Accounting' type='QMenu' visible='1' window=':xTuple ERP:*_GUIClient'}
:xTuple ERP:*.Accounts Receivable_QMenu	{name='menu.accnt.ar' title='Accounts Receivable' type='QMenu' visible='1' window=':xTuple ERP:*_GUIClient'}
:xTuple ERP:*.Enter Miscellaneous Adjustment_QWorkspaceChild	{name='qt_workspacechild' type='QWorkspaceChild' visible='1' window=':xTuple ERP:*_GUIClient' windowTitle='Enter Miscellaneous Adjustment'}
:xTuple ERP:*.Inventory_QMenu	{name='menu.im' title='Inventory' type='QMenu' visible='1' window=':xTuple ERP:*_GUIClient'}
:xTuple ERP:*.Invoice_QMenu	{name='menu.accnt.arinvoices' title='Invoice' type='QMenu' visible='1' window=':xTuple ERP:*_GUIClient'}
:xTuple ERP:*.Item Site_QMenu	{name='menu.im.itemsites' title='Item Site' type='QMenu' visible='1' window=':xTuple ERP:*_GUIClient'}
:xTuple ERP:*.List Item Sites_QWorkspaceChild	{name='qt_workspacechild' type='QWorkspaceChild' visible='1' window=':xTuple ERP:*_GUIClient' windowTitle='List Item Sites'}
:xTuple ERP:*.List Users_QWorkspaceChild	{name='qt_workspacechild' type='QWorkspaceChild' visible='1' window=':xTuple ERP:*_GUIClient' windowTitle='List Users'}
:xTuple ERP:*.Planned Orders by Planner Code_QWorkspaceChild	{name='qt_workspacechild' type='QWorkspaceChild' visible='1' window=':xTuple ERP:*_GUIClient' windowTitle='Planned Orders by Planner Code'}
:xTuple ERP:*.Planned Orders_QMenu	{name='menu.sched.reportsplanned' title='Planned Orders' type='QMenu' visible='1' window=':xTuple ERP:*_GUIClient'}
:xTuple ERP:*.Products Tools_QToolBar	{name='Products Tools' type='QToolBar' visible='1' window=':xTuple ERP:*_GUIClient' windowTitle='Products Tools'}
:xTuple ERP:*.Products Tools_QWorkspace	{aboveWidget?=':xTuple ERP:*.Products Tools_QToolBar' type='QWorkspace' unnamed='1' visible='1' window=':xTuple ERP:*_GUIClient'}
:xTuple ERP:*.Reports_QMenu	{name='menu.sched.reports' title='Reports' type='QMenu' visible='1' window=':xTuple ERP:*_GUIClient'}
:xTuple ERP:*.Run MRP_QMenu	{name='menu.sched.plannedordersmrp' title='Run MRP' type='QMenu' visible='1' window=':xTuple ERP:*_GUIClient'}
:xTuple ERP:*.Schedule_QMenu	{name='menu.sched' title='Schedule' type='QMenu' visible='1' window=':xTuple ERP:*_GUIClient'}
:xTuple ERP:*.Scheduling_QMenu	{name='menu.sched.plannedorders' title='Scheduling' type='QMenu' visible='1' window=':xTuple ERP:*_GUIClient'}
:xTuple ERP:*.System_QMenu	{name='menu.sys' title='System' type='QMenu' visible='1' window=':xTuple ERP:*_GUIClient'}
:xTuple ERP:*.Transactions_QMenu	{name='menu.im.transactions' title='Transactions' type='QMenu' visible='1' window=':xTuple ERP:*_GUIClient'}
:xTuple ERP:*._menu_QMenu	{name='_menu' type='QMenu' visible='1' window=':xTuple ERP:*_GUIClient'}
:xTuple ERP:*_GUIClient	{type='GUIClient' unnamed='1' visible='1' windowTitle?='xTuple ERP:*'}
:xTuple ERP:*_QMenuBar	{type='QMenuBar' unnamed='1' visible='1' window=':xTuple ERP:*_GUIClient'}
