:Batch Manager.Default From Email Address:_QLabel	{container=':Database Information.Batch Manager_QGroupBox' name='_batchEmailLit' text='Default From Email Address:' type='QLabel' visible='1'}
:Database Information.*_QLabel	{name='_application' text?='*' type='QLabel' visible='1' window=':Database Information_databaseInformation'}
:Database Information.Batch Manager_QGroupBox	{name='_batchManager' title='Batch Manager' type='QGroupBox' visible='1' window=':Database Information_databaseInformation'}
:Database Information.Save_QPushButton	{name='_save' text='Save' type='QPushButton' visible='1' window=':Database Information_databaseInformation'}
:Database Information_databaseInformation	{name='databaseInformation' type='databaseInformation' visible='1' windowTitle='Database Information'}
:Log In.Options..._QPushButton	{name='_options' text='Options...' type='QPushButton' visible='1' window=':Log In_login2'}
:Log In._frame_QFrame	{name='_frame' type='QFrame' visible='1' window=':Log In_login2'}
:Log In_login2	{name='login2' type='login2' visible='1' windowTitle='Log In'}
:Login Options.Database:_QLabel	{name='_databaseLit' text='Database:' type='QLabel' visible='1' window=':Login Options_login2Options'}
:Login Options.Port:_QLabel	{name='_portLit' text='Port:' type='QLabel' visible='1' window=':Login Options_login2Options'}
:Login Options.Save_QPushButton	{name='_save' text='Save' type='QPushButton' visible='1' window=':Login Options_login2Options'}
:Login Options.Server:_QLabel	{name='_serverLit' text='Server:' type='QLabel' visible='1' window=':Login Options_login2Options'}
:Login Options_login2Options	{name='login2Options' type='login2Options' visible='1' windowTitle='Login Options'}
:_batchEmail_QLineEdit	{buddy=':Batch Manager.Default From Email Address:_QLabel' name='_batchEmail' type='QLineEdit' visible='1'}
:_database_QLineEdit	{buddy=':Login Options.Database:_QLabel' name='_database' type='QLineEdit' visible='1'}
:_frame.Password:_QLabel	{container=':Log In._frame_QFrame' name='_passwordLit' text='Password:' type='QLabel' visible='1'}
:_frame.Username:_QLabel	{container=':Log In._frame_QFrame' name='_usernameLit' text='Username:' type='QLabel' visible='1'}
:_password_QLineEdit	{buddy=':_frame.Password:_QLabel' name='_password' type='QLineEdit' visible='1'}
:_port_QLineEdit	{buddy=':Login Options.Port:_QLabel' name='_port' type='QLineEdit' visible='1'}
:_server_QLineEdit	{buddy=':Login Options.Server:_QLabel' name='_server' type='QLineEdit' visible='1'}
:_username_QLineEdit	{buddy=':_frame.Username:_QLabel' name='_username' type='QLineEdit' visible='1'}
:xTuple ERP: *.Master Information_QMenu	{name='menu.sys.masterinfo' title='Master Information' type='QMenu' visible='1' window=':xTuple ERP: Manufacturing Edition 3.3.0 - Practice Database on 192.168.1.61/1demo330-mfg AS admin_GUIClient'}
:xTuple ERP: *.System_QMenu	{name='menu.sys' title='System' type='QMenu' visible='1' window=':xTuple ERP: Manufacturing Edition 3.3.0 - Practice Database on 192.168.1.61/1demo330-mfg AS admin_GUIClient'}
:xTuple ERP: *_QMenuBar	{type='QMenuBar' unnamed='1' visible='1' window=':xTuple ERP: Manufacturing Edition 3.3.0 - Practice Database on 192.168.1.61/1demo330-mfg AS admin_GUIClient'}
:xTuple ERP: Manufacturing Edition 3.3.0 - Practice Database on 192.168.1.61/1demo330-mfg AS admin_GUIClient	{type='GUIClient' unnamed='1' visible='1' windowTitle?='*'}
