:Cannot Connect to xTuple ERP Server.OK_QPushButton	{text='OK' type='QPushButton' visible='1' window=':Cannot Connect to xTuple ERP Server_QMessageBox'}
:Cannot Connect to xTuple ERP Server_QMessageBox	{type='QMessageBox' visible='1' windowTitle='Cannot Connect to xTuple ERP Server'}
:List Departments.Close_QPushButton	{container=':xTuple ERP: OpenMFG Edition.List Departments_QWorkspaceChild' name='_close' text='Close' type='QPushButton' visible='1'}
:List Departments.New_QPushButton	{container=':xTuple ERP: OpenMFG Edition.List Departments_QWorkspaceChild' name='_new' text='New' type='QPushButton' visible='1'}
:List Departments.Save_QPushButton	{container=':xTuple ERP: OpenMFG Edition.List Departments_QWorkspaceChild' name='_save' text='Save' type='QPushButton' visible='1'}
:List Departments._name_XLineEdit	{container=':xTuple ERP: OpenMFG Edition.List Departments_QWorkspaceChild' name='_name' type='XLineEdit' visible='1'}
:List Departments._number_XLineEdit	{container=':xTuple ERP: OpenMFG Edition.List Departments_QWorkspaceChild' name='_number' type='XLineEdit' visible='1'}
:List Locales.30/10/2008_QLabel	{container=':xTuple ERP: OpenMFG Edition.List Locales_QWorkspaceChild' name='_dateSample' text='30/10/2008' type='QLabel' visible='1'}
:List Locales.Alternate:_QLabel	{container=':xTuple ERP: OpenMFG Edition.List Locales_QWorkspaceChild' name='_alternateLit' text='Alternate:' type='QLabel' visible='1'}
:List Locales.Close_QPushButton	{container=':xTuple ERP: OpenMFG Edition.List Locales_QWorkspaceChild' name='_close' text='Close' type='QPushButton' visible='1'}
:List Locales.Code:_QLabel	{container=':xTuple ERP: OpenMFG Edition.List Locales_QWorkspaceChild' name='_codeLit' text='Code:' type='QLabel' visible='1'}
:List Locales.Comments:_QLabel	{container=':xTuple ERP: OpenMFG Edition.List Locales_QWorkspaceChild' name='_commentsLit' text='Comments:' type='QLabel' visible='1'}
:List Locales.Cost:_QLabel	{container=':xTuple ERP: OpenMFG Edition.List Locales_QWorkspaceChild' name='_costFormatLit' text='Cost:' type='QLabel' visible='1'}
:List Locales.Country:_QLabel	{container=':xTuple ERP: OpenMFG Edition.List Locales_QWorkspaceChild' name='label' text='Country:' type='QLabel' visible='1'}
:List Locales.Description:_QLabel	{container=':xTuple ERP: OpenMFG Edition.List Locales_QWorkspaceChild' name='_descriptionLit' text='Description:' type='QLabel' visible='1'}
:List Locales.Emphasis:_QLabel	{container=':xTuple ERP: OpenMFG Edition.List Locales_QWorkspaceChild' name='_emphasisLit' text='Emphasis:' type='QLabel' visible='1'}
:List Locales.Error:_QLabel	{container=':xTuple ERP: OpenMFG Edition.List Locales_QWorkspaceChild' name='_errorLit' text='Error:' type='QLabel' visible='1'}
:List Locales.Expired:_QLabel	{container=':xTuple ERP: OpenMFG Edition.List Locales_QWorkspaceChild' name='_expiredLit' text='Expired:' type='QLabel' visible='1'}
:List Locales.Ext. Price:_QLabel	{container=':xTuple ERP: OpenMFG Edition.List Locales_QWorkspaceChild' name='_extPriceFormatLit' text='Ext. Price:' type='QLabel' visible='1'}
:List Locales.Future:_QLabel	{container=':xTuple ERP: OpenMFG Edition.List Locales_QWorkspaceChild' name='_futureLit' text='Future:' type='QLabel' visible='1'}
:List Locales.Language:_QLabel	{container=':xTuple ERP: OpenMFG Edition.List Locales_QWorkspaceChild' name='_languageLit' text='Language:' type='QLabel' visible='1'}
:List Locales.New_QPushButton	{container=':xTuple ERP: OpenMFG Edition.List Locales_QWorkspaceChild' name='_new' text='New' type='QPushButton' visible='1'}
:List Locales.Purch. Price:_QLabel	{container=':xTuple ERP: OpenMFG Edition.List Locales_QWorkspaceChild' name='_purchPriceFormatLit' text='Purch. Price:' type='QLabel' visible='1'}
:List Locales.Qty. Per:_QLabel	{container=':xTuple ERP: OpenMFG Edition.List Locales_QWorkspaceChild' name='_qtyPerFormatLit' text='Qty. Per:' type='QLabel' visible='1'}
:List Locales.Qty.:_QLabel	{container=':xTuple ERP: OpenMFG Edition.List Locales_QWorkspaceChild' name='_qtyFormatLit' text='Qty.:' type='QLabel' visible='1'}
:List Locales.Sales Price:_QLabel	{container=':xTuple ERP: OpenMFG Edition.List Locales_QWorkspaceChild' name='_salesPriceFormatLit' text='Sales Price:' type='QLabel' visible='1'}
:List Locales.Save_QPushButton	{container=':xTuple ERP: OpenMFG Edition.List Locales_QWorkspaceChild' name='_save' text='Save' type='QPushButton' visible='1'}
:List Locales.UOM Ratio:_QLabel	{container=':xTuple ERP: OpenMFG Edition.List Locales_QWorkspaceChild' name='_uomRatioLit' text='UOM Ratio:' type='QLabel' visible='1'}
:List Locales.Warning:_QLabel	{container=':xTuple ERP: OpenMFG Edition.List Locales_QWorkspaceChild' name='_warningLit' text='Warning:' type='QLabel' visible='1'}
:List Locales.qt_spinbox_lineedit_QLineEdit	{container=':xTuple ERP: OpenMFG Edition.List Locales_QWorkspaceChild' name='qt_spinbox_lineedit' type='QLineEdit' visible='1'}
:List Locales.qt_spinbox_lineedit_QLineEdit_2	{container=':xTuple ERP: OpenMFG Edition.List Locales_QWorkspaceChild' name='qt_spinbox_lineedit' occurrence='2' type='QLineEdit' visible='1'}
:List Locales.qt_spinbox_lineedit_QLineEdit_3	{container=':xTuple ERP: OpenMFG Edition.List Locales_QWorkspaceChild' name='qt_spinbox_lineedit' occurrence='3' type='QLineEdit' visible='1'}
:List Locales.qt_spinbox_lineedit_QLineEdit_4	{container=':xTuple ERP: OpenMFG Edition.List Locales_QWorkspaceChild' name='qt_spinbox_lineedit' occurrence='4' type='QLineEdit' visible='1'}
:List Locales.qt_spinbox_lineedit_QLineEdit_5	{container=':xTuple ERP: OpenMFG Edition.List Locales_QWorkspaceChild' name='qt_spinbox_lineedit' occurrence='5' type='QLineEdit' visible='1'}
:List Locales.qt_spinbox_lineedit_QLineEdit_6	{container=':xTuple ERP: OpenMFG Edition.List Locales_QWorkspaceChild' name='qt_spinbox_lineedit' occurrence='6' type='QLineEdit' visible='1'}
:List Locales.qt_spinbox_lineedit_QLineEdit_7	{container=':xTuple ERP: OpenMFG Edition.List Locales_QWorkspaceChild' name='qt_spinbox_lineedit' occurrence='7' type='QLineEdit' visible='1'}
:List Locales.qt_spinbox_lineedit_QLineEdit_8	{container=':xTuple ERP: OpenMFG Edition.List Locales_QWorkspaceChild' name='qt_spinbox_lineedit' occurrence='8' type='QLineEdit' visible='1'}
:List Locales_QComboBoxListView	{container=':xTuple ERP: OpenMFG Edition.List Locales_QWorkspaceChild' type='QComboBoxListView' unnamed='1' visible='1'}
:List Shifts.Close_QPushButton	{container=':xTuple ERP: OpenMFG Edition.List Shifts_QWorkspaceChild' name='_close' text='Close' type='QPushButton' visible='1'}
:List Shifts.New_QPushButton	{container=':xTuple ERP: OpenMFG Edition.List Shifts_QWorkspaceChild' name='_new' text='New' type='QPushButton' visible='1'}
:List Shifts.Save_QPushButton	{container=':xTuple ERP: OpenMFG Edition.List Shifts_QWorkspaceChild' name='_save' text='Save' type='QPushButton' visible='1'}
:List Shifts._name_XLineEdit	{container=':xTuple ERP: OpenMFG Edition.List Shifts_QWorkspaceChild' name='_name' type='XLineEdit' visible='1'}
:List Shifts._number_XLineEdit	{container=':xTuple ERP: OpenMFG Edition.List Shifts_QWorkspaceChild' name='_number' type='XLineEdit' visible='1'}
:List Users.Cancel_QPushButton	{container=':xTuple ERP: OpenMFG Edition.List Users_QWorkspaceChild_2' name='_close' text='Cancel' type='QPushButton' visible='1'}
:List Users.Close_QPushButton	{container=':xTuple ERP: OpenMFG Edition 3.1.0 - Empty Database on 121.241.172.21/1empty310 AS admin.List Users_QWorkspaceChild' name='_close' text='Close' type='QPushButton' visible='1'}
:List Users.Close_QPushButton_2	{container=':xTuple ERP: OpenMFG Edition.List Users_QWorkspaceChild' name='_close' text='Close' type='QPushButton' visible='1'}
:List Users.Edit_QPushButton	{container=':xTuple ERP: OpenMFG Edition 3.1.0 - Empty Database on 121.241.172.21/1empty310 AS admin.List Users_QWorkspaceChild' name='_edit' text='Edit' type='QPushButton' visible='1'}
:List Users.Edit_QPushButton_2	{container=':xTuple ERP: OpenMFG Edition.List Users_QWorkspaceChild' name='_edit' text='Edit' type='QPushButton' visible='1'}
:List Users.New_QPushButton	{container=':xTuple ERP: OpenMFG Edition.List Users_QWorkspaceChild' name='_new' text='New' type='QPushButton' visible='1'}
:List Users.Print_QPushButton	{container=':xTuple ERP: OpenMFG Edition.List Users_QWorkspaceChild' name='_print' text='Print' type='QPushButton' visible='1'}
:List Users.Save_QPushButton	{container=':xTuple ERP: OpenMFG Edition 3.1.0 - Empty Database on 121.241.172.21/1empty310 AS admin.List Users_QWorkspaceChild' name='_save' text='Save' type='QPushButton' visible='1'}
:List Users.Save_QPushButton_2	{container=':xTuple ERP: OpenMFG Edition.List Users_QWorkspaceChild' name='_save' text='Save' type='QPushButton' visible='1'}
:List Users.Show Inactive Users_QCheckBox	{container=':xTuple ERP: OpenMFG Edition 3.1.0 - Empty Database on 121.241.172.21/1empty310 AS admin.List Users_QWorkspaceChild' name='_showInactive' text='Show Inactive Users' type='QCheckBox' visible='1'}
:List Users.Show Inactive Users_QCheckBox_2	{container=':xTuple ERP: OpenMFG Edition.List Users_QWorkspaceChild' name='_showInactive' text='Show Inactive Users' type='QCheckBox' visible='1'}
:List Users._usr_XTreeWidget	{container=':xTuple ERP: OpenMFG Edition 3.1.0 - Empty Database on 121.241.172.21/1empty310 AS admin.List Users_QWorkspaceChild' name='_usr' type='XTreeWidget' visible='1'}
:List Users._usr_XTreeWidget_2	{container=':xTuple ERP: OpenMFG Edition.List Users_QWorkspaceChild' name='_usr' type='XTreeWidget' visible='1'}
:List Users.qt_tabwidget_stackedwidget_QStackedWidget	{container=':xTuple ERP: OpenMFG Edition 3.1.0 - Empty Database on 121.241.172.21/1empty310 AS admin.List Users_QWorkspaceChild' name='qt_tabwidget_stackedwidget' type='QStackedWidget' visible='1'}
:List Users.qt_tabwidget_stackedwidget_QStackedWidget_2	{container=':xTuple ERP: OpenMFG Edition.List Users_QWorkspaceChild' name='qt_tabwidget_stackedwidget' type='QStackedWidget' visible='1'}
:Log In.Cancel_QPushButton	{name='_close' text='Cancel' type='QPushButton' visible='1' window=':Log In_login2'}
:Log In.Log in to server I specify_QRadioButton	{name='_otherOption' text='Log in to server I specify' type='QRadioButton' visible='1' window=':Log In_login2'}
:Log In.Login_QPushButton	{name='_login' text='Login' type='QPushButton' visible='1' window=':Log In_login2'}
:Log In.Options_QPushButton	{name='_options' text='Options' type='QPushButton' visible='1' window=':Log In_login2'}
:Log In._frame_QFrame	{name='_frame' type='QFrame' visible='1' window=':Log In_login2'}
:Log In_login2	{name='login2' type='login2' visible='1' windowTitle='Log In'}
:Login Options.Database:_QLabel	{name='_databaseLit' text='Database:' type='QLabel' visible='1' window=':Login Options_login2Options'}
:Login Options.Port:_QLabel	{name='_portLit' text='Port:' type='QLabel' visible='1' window=':Login Options_login2Options'}
:Login Options_login2Options	{name='login2Options' type='login2Options' visible='1' windowTitle='Login Options'}
:_alternate_QLineEdit	{buddy=':List Locales.Alternate:_QLabel' name='_alternate' type='QLineEdit' visible='1'}
:_code_XLineEdit	{buddy=':List Locales.Code:_QLabel' name='_code' type='XLineEdit' visible='1'}
:_comments_QTextEdit	{buddy=':List Locales.Comments:_QLabel' name='_comments' type='QTextEdit' visible='1'}
:_costScale_QSpinBox	{buddy=':List Locales.Cost:_QLabel' name='_costScale' type='QSpinBox' visible='1'}
:_country_XComboBox	{buddy=':List Locales.Country:_QLabel' name='_country' type='XComboBox' visible='1'}
:_database_QLineEdit	{buddy=':Login Options.Database:_QLabel' name='_database' type='QLineEdit' visible='1'}
:_description_XLineEdit	{buddy=':List Locales.Description:_QLabel' name='_description' type='XLineEdit' visible='1'}
:_emphasis_QLineEdit	{buddy=':List Locales.Emphasis:_QLabel' name='_emphasis' type='QLineEdit' visible='1'}
:_error_QLineEdit	{buddy=':List Locales.Error:_QLabel' name='_error' type='QLineEdit' visible='1'}
:_expired_QLineEdit	{buddy=':List Locales.Expired:_QLabel' name='_expired' type='QLineEdit' visible='1'}
:_extPriceScale_QSpinBox	{buddy=':List Locales.Ext. Price:_QLabel' name='_extPriceScale' type='QSpinBox' visible='1'}
:_frame.Password:_QLabel	{container=':Log In._frame_QFrame' name='_passwordLit' text='Password:' type='QLabel' visible='1'}
:_frame.Username:_QLabel	{container=':Log In._frame_QFrame' name='_usernameLit' text='Username:' type='QLabel' visible='1'}
:_future_QLineEdit	{buddy=':List Locales.Future:_QLabel' name='_future' type='QLineEdit' visible='1'}
:_language_XComboBox	{buddy=':List Locales.Language:_QLabel' name='_language' type='XComboBox' visible='1'}
:_module_QComboBoxPrivateContainer	{parentWidget=':_module_XComboBox' type='QComboBoxPrivateContainer' visible='1'}
:_module_XComboBox	{buddy=':_privTab.Module:_QLabel' name='_module' type='XComboBox' visible='1'}
:_module_XComboBox_2	{buddy=':_privTab.Module:_QLabel_2' name='_module' type='XComboBox' visible='1'}
:_password_QLineEdit	{buddy=':_frame.Password:_QLabel' name='_password' type='QLineEdit' visible='1'}
:_port_QLineEdit	{buddy=':Login Options.Port:_QLabel' name='_port' type='QLineEdit' visible='1'}
:_privTab.Add All->>_QPushButton	{container=':qt_tabwidget_stackedwidget._privTab_QWidget' name='_addAll' text='Add All->>' type='QPushButton' visible='1'}
:_privTab.Add All->>_QPushButton_2	{container=':qt_tabwidget_stackedwidget._privTab_QWidget_2' name='_addAll' text='Add All->>' type='QPushButton' visible='1'}
:_privTab.Module:_QLabel	{container=':qt_tabwidget_stackedwidget._privTab_QWidget' name='_moduleLit' text='Module:' type='QLabel' visible='1'}
:_privTab.Module:_QLabel_2	{container=':qt_tabwidget_stackedwidget._privTab_QWidget_2' name='_moduleLit' text='Module:' type='QLabel' visible='1'}
:_privTab_QComboBoxListView	{container=':qt_tabwidget_stackedwidget._privTab_QWidget' type='QComboBoxListView' visible='1'}
:_privTab_QComboBoxListView_2	{container=':qt_tabwidget_stackedwidget._privTab_QWidget_2' type='QComboBoxListView' visible='1'}
:_purchPriceScale_QSpinBox	{buddy=':List Locales.Purch. Price:_QLabel' name='_purchPriceScale' type='QSpinBox' visible='1'}
:_qtyPerScale_QSpinBox	{buddy=':List Locales.Qty. Per:_QLabel' name='_qtyPerScale' type='QSpinBox' visible='1'}
:_qtyScale_QSpinBox	{buddy=':List Locales.Qty.:_QLabel' name='_qtyScale' type='QSpinBox' visible='1'}
:_salesPriceScale_QSpinBox	{buddy=':List Locales.Sales Price:_QLabel' name='_salesPriceScale' type='QSpinBox' visible='1'}
:_uomRatioScale_QSpinBox	{buddy=':List Locales.UOM Ratio:_QLabel' name='_uomRatioScale' type='QSpinBox' visible='1'}
:_username_QLineEdit	{buddy=':_frame.Username:_QLabel' name='_username' type='QLineEdit' visible='1'}
:_warning_QLineEdit	{buddy=':List Locales.Warning:_QLabel' name='_warning' type='QLineEdit' visible='1'}
:qt_tabwidget_stackedwidget._privTab_QWidget	{container=':List Users.qt_tabwidget_stackedwidget_QStackedWidget' name='_privTab' type='QWidget' visible='1'}
:qt_tabwidget_stackedwidget._privTab_QWidget_2	{container=':List Users.qt_tabwidget_stackedwidget_QStackedWidget_2' name='_privTab' type='QWidget' visible='1'}
:xTuple ERP: OpenMFG Edition 3.1.0 - Empty Database on 121.241.172.21/1empty310 AS admin.List Users_QWorkspaceChild	{name='qt_workspacechild' type='QWorkspaceChild' visible='1' window=':xTuple ERP: OpenMFG Edition 3.1.0 - Empty Database on 121.241.172.21/1empty310 AS admin_GUIClient' windowTitle='List Users'}
:xTuple ERP: OpenMFG Edition 3.1.0 - Empty Database on 121.241.172.21/1empty310 AS admin.System_QMenu	{name='menu.sys' title='System' type='QMenu' visible='1' window=':xTuple ERP: OpenMFG Edition 3.1.0 - Empty Database on 121.241.172.21/1empty310 AS admin_GUIClient'}
:xTuple ERP: OpenMFG Edition 3.1.0 - Empty Database on 121.241.172.21/1empty310 AS admin_GUIClient	{type='GUIClient' visible='1' windowTitle='xTuple ERP: OpenMFG Edition 3.1.0 - Empty Database on 121.241.172.21/1empty310 AS admin'}
:xTuple ERP: OpenMFG Edition 3.1.0 - Empty Database on 121.241.172.21/1empty310 AS admin_QMenuBar	{type='QMenuBar' visible='1' window=':xTuple ERP: OpenMFG Edition 3.1.0 - Empty Database on 121.241.172.21/1empty310 AS admin_GUIClient'}
:xTuple ERP: OpenMFG Edition 3.1.0 - Empty Database on 121.241.172.21/1empty310 AS admin_QWorkspace	{type='QWorkspace' visible='1' window=':xTuple ERP: OpenMFG Edition 3.1.0 - Empty Database on 121.241.172.21/1empty310 AS admin_GUIClient'}
:xTuple ERP: OpenMFG Edition 3.1.0 - Practice Database on 121.241.172.21/1demo310 AS admin.Sales_QMenu	{name='menu.sales' title='Sales' type='QMenu' visible='1' window=':xTuple ERP: OpenMFG Edition 3.1.0 - Practice Database on 121.241.172.21/1demo310 AS admin_GUIClient'}
:xTuple ERP: OpenMFG Edition 3.1.0 - Practice Database on 121.241.172.21/1demo310 AS admin.System_QMenu	{name='menu.sys' title='System' type='QMenu' visible='1' window=':xTuple ERP: OpenMFG Edition 3.1.0 - Practice Database on 121.241.172.21/1demo310 AS admin_GUIClient'}
:xTuple ERP: OpenMFG Edition 3.1.0 - Practice Database on 121.241.172.21/1demo310 AS admin_GUIClient	{type='GUIClient' visible='1' windowTitle='xTuple ERP: OpenMFG Edition 3.1.0 - Practice Database on 121.241.172.21/1demo310 AS admin'}
:xTuple ERP: OpenMFG Edition 3.1.0 - Practice Database on 121.241.172.21/1demo310 AS admin_QMenuBar	{type='QMenuBar' visible='1' window=':xTuple ERP: OpenMFG Edition 3.1.0 - Practice Database on 121.241.172.21/1demo310 AS admin_GUIClient'}
:xTuple ERP: OpenMFG Edition.List Departments_QWorkspaceChild	{name='qt_workspacechild' type='QWorkspaceChild' visible='1' window=':xTuple ERP: OpenMFG Edition_GUIClient_2' windowTitle='List Departments'}
:xTuple ERP: OpenMFG Edition.List Locales_QWorkspaceChild	{name='qt_workspacechild' type='QWorkspaceChild' visible='1' window=':xTuple ERP: OpenMFG Edition_GUIClient_2' windowTitle='List Locales'}
:xTuple ERP: OpenMFG Edition.List Shifts_QWorkspaceChild	{name='qt_workspacechild' type='QWorkspaceChild' visible='1' window=':xTuple ERP: OpenMFG Edition_GUIClient_2' windowTitle='List Shifts'}
:xTuple ERP: OpenMFG Edition.List Users_QWorkspaceChild	{name='qt_workspacechild' type='QWorkspaceChild' visible='1' window=':xTuple ERP: OpenMFG Edition_GUIClient' windowTitle='List Users'}
:xTuple ERP: OpenMFG Edition.List Users_QWorkspaceChild_2	{name='qt_workspacechild' type='QWorkspaceChild' visible='1' window=':xTuple ERP: OpenMFG Edition_GUIClient_2' windowTitle='List Users'}
:xTuple ERP: OpenMFG Edition.Master Information_QMenu	{name='menu.sys.masterinfo' title='Master Information' type='QMenu' visible='1' window=':xTuple ERP: OpenMFG Edition_GUIClient_2'}
:xTuple ERP: OpenMFG Edition.System_QMenu	{name='menu.sys' title='System' type='QMenu' visible='1' window=':xTuple ERP: OpenMFG Edition_GUIClient'}
:xTuple ERP: OpenMFG Edition_GUIClient	{type='GUIClient' visible='1' windowTitle='xTuple ERP: OpenMFG Edition'}
:xTuple ERP: OpenMFG Edition_GUIClient_2	{type='GUIClient' unnamed='1' visible='1' windowTitle='xTuple ERP: OpenMFG Edition'}
:xTuple ERP: OpenMFG Edition_QMenuBar	{type='QMenuBar' visible='1' window=':xTuple ERP: OpenMFG Edition_GUIClient'}
