:Indented Bill of Materials.Close_QPushButton	{container=':xTuple ERP: Manufacturing Edition 3.2.2 - Practice Database on 192.168.2.25/1demo322-mfg AS admin.Indented Bill of Materials_QWorkspaceChild' name='_close' text='Close' type='QPushButton' visible='1'}
:Indented Bill of Materials.Close_QPushButton_2	{container=':xTuple ERP:*.Indented Bill of Materials_QWorkspaceChild' name='_close' text='Close' type='QPushButton' visible='1'}
:Indented Bill of Materials.Indented Bill of Materials_QWorkspaceTitleBar	{container=':xTuple ERP: Manufacturing Edition 3.2.2 - Practice Database on 192.168.2.25/1demo322-mfg AS admin.Indented Bill of Materials_QWorkspaceChild' type='QWorkspaceTitleBar' unnamed='1' visible='1' windowTitle='Indented Bill of Materials'}
:Indented Bill of Materials.Query_QPushButton	{container=':xTuple ERP: Manufacturing Edition 3.2.2 - Practice Database on 192.168.2.25/1demo322-mfg AS admin.Indented Bill of Materials_QWorkspaceChild' name='_query' text='Query' type='QPushButton' visible='1'}
:Indented Bill of Materials.Query_QPushButton_2	{container=':xTuple ERP:*.Indented Bill of Materials_QWorkspaceChild' name='_query' text='Query' type='QPushButton' visible='1'}
:Indented Bill of Materials._itemNumber_ItemLineEdit	{container=':xTuple ERP: Manufacturing Edition 3.2.2 - Practice Database on 192.168.2.25/1demo322-mfg AS admin.Indented Bill of Materials_QWorkspaceChild' name='_itemNumber' type='ItemLineEdit' visible='1'}
:Indented Bill of Materials._itemNumber_ItemLineEdit_2	{container=':xTuple ERP:*.Indented Bill of Materials_QWorkspaceChild' name='_itemNumber' type='ItemLineEdit' visible='1'}
:List Open Sales Orders._warehouse_WarehouseGroup	{container=':xTuple ERP:*.List Open Sales Orders_QWorkspaceChild' name='_warehouse' type='WarehouseGroup' visible='1'}
:List Projects.Close_QPushButton	{container=':xTuple ERP: Manufacturing Edition 3.2.2 - Practice Database on 192.168.2.25/1demo322-mfg AS admin.List Projects_QWorkspaceChild' name='_close' text='Close' type='QPushButton' visible='1'}
:List Tax Codes.Close_QPushButton	{container=':xTuple ERP:*.List Tax Codes_QWorkspaceChild' name='_close' text='Close' type='QPushButton' visible='1'}
:Log In._frame_QFrame	{name='_frame' type='QFrame' visible='1' window=':Log In_login2'}
:Log In_login2	{name='login2' type='login2' visible='1' windowTitle='Log In'}
:Post Actual Costs by Item.Cancel_QPushButton	{name='_close' text='Cancel' type='QPushButton' visible='1' window=':Post Actual Costs by Item_postCostsByItem'}
:Post Actual Costs by Item.Close_QPushButton	{name='_close' text='Close' type='QPushButton' visible='1' window=':Post Actual Costs by Item_postCostsByItem'}
:Post Actual Costs by Item.Post_QPushButton	{name='_post' text='Post' type='QPushButton' visible='1' window=':Post Actual Costs by Item_postCostsByItem'}
:Post Actual Costs by Item.Roll Up Standard Costs_QCheckBox	{name='_rollUp' text='Roll Up Standard Costs' type='QCheckBox' visible='1' window=':Post Actual Costs by Item_postCostsByItem'}
:Post Actual Costs by Item.Select all Costs_QPushButton	{name='_selectAll' text='Select all Costs' type='QPushButton' visible='1' window=':Post Actual Costs by Item_postCostsByItem'}
:Post Actual Costs by Item._itemNumber_ItemLineEdit	{name='_itemNumber' type='ItemLineEdit' visible='1' window=':Post Actual Costs by Item_postCostsByItem'}
:Post Actual Costs by Item_postCostsByItem	{name='postCostsByItem' type='postCostsByItem' visible='1' windowTitle='Post Actual Costs by Item'}
:Quote.Cancel_QPushButton	{container=':xTuple ERP:*.Quote_QWorkspaceChild' name='_close' text='Cancel' type='QPushButton' visible='1'}
:Quote.Close_QPushButton	{container=':xTuple ERP:*.Quote_QWorkspaceChild' name='_close' text='Close' type='QPushButton' visible='1'}
:Quote.Save_QPushButton	{container=':xTuple ERP:*.Quote_QWorkspaceChild' name='_save' occurrence='2' text='Save' type='QPushButton' visible='1'}
:Quote.Save_QPushButton_2	{container=':xTuple ERP:*.Quote_QWorkspaceChild' name='_save' text='Save' type='QPushButton' visible='1'}
:Quote._amountGroup_QGroupBox	{container=':xTuple ERP:*.Quote_QWorkspaceChild' name='_amountGroup' type='QGroupBox' visible='1'}
:Quote._invGroup_QGroupBox	{container=':xTuple ERP:*.Quote_QWorkspaceChild' name='_invGroup' type='QGroupBox' visible='1'}
:Quote._itemGroup_QGroupBox	{container=':xTuple ERP:*.Quote_QWorkspaceChild' name='_itemGroup' type='QGroupBox' visible='1'}
:Quote._schedGroup_QGroupBox	{container=':xTuple ERP:*.Quote_QWorkspaceChild' name='_schedGroup' type='QGroupBox' visible='1'}
:Quote.frame_QFrame	{container=':xTuple ERP:*.Quote_QWorkspaceChild' name='frame' type='QFrame' visible='1'}
:Quote.qt_tabwidget_stackedwidget_QStackedWidget	{container=':xTuple ERP:*.Quote_QWorkspaceChild' name='qt_tabwidget_stackedwidget' type='QStackedWidget' visible='1'}
:Quote.qt_tabwidget_tabbar_QTabBar	{container=':xTuple ERP:*.Quote_QWorkspaceChild' name='qt_tabwidget_tabbar' type='QTabBar' visible='1'}
:Run MRP by Planner Code.Create_QPushButton	{name='_create' text='Create' type='QPushButton' visible='1' window=':Run MRP by Planner Code_createPlannedOrdersByPlannerCode'}
:Run MRP by Planner Code.XDateEdit_XDateEdit	{name='XDateEdit' type='XDateEdit' visible='1' window=':Run MRP by Planner Code_createPlannedOrdersByPlannerCode'}
:Run MRP by Planner Code._plannerCode_ParameterGroup	{name='_plannerCode' type='ParameterGroup' visible='1' window=':Run MRP by Planner Code_createPlannedOrdersByPlannerCode'}
:Run MRP by Planner Code._warehouse_WarehouseGroup	{name='_warehouse' type='WarehouseGroup' visible='1' window=':Run MRP by Planner Code_createPlannedOrdersByPlannerCode'}
:Run MRP by Planner Code_createPlannedOrdersByPlannerCode	{name='createPlannedOrdersByPlannerCode' type='createPlannedOrdersByPlannerCode' visible='1' windowTitle='Run MRP by Planner Code'}
:Sales Order.Cancel_QPushButton	{container=':xTuple ERP:*.Sales Order_QWorkspaceChild' name='_close' text='Cancel' type='QPushButton' visible='1'}
:Sales Order.Close_QPushButton	{container=':xTuple ERP:*.Sales Order_QWorkspaceChild' name='_close' text='Close' type='QPushButton' visible='1'}
:Sales Order.Save_QPushButton	{container=':xTuple ERP:*.Sales Order_QWorkspaceChild' name='_save' occurrence='2' text='Save' type='QPushButton' visible='1'}
:Sales Order.Save_QPushButton_2	{container=':xTuple ERP:*.Sales Order_QWorkspaceChild' name='_save' text='Save' type='QPushButton' visible='1'}
:Sales Order._amountGroup_QGroupBox	{container=':xTuple ERP:*.Sales Order_QWorkspaceChild' name='_amountGroup' type='QGroupBox' visible='1'}
:Sales Order._invGroup_QGroupBox	{container=':xTuple ERP:*.Sales Order_QWorkspaceChild' name='_invGroup' type='QGroupBox' visible='1'}
:Sales Order._itemGroup_QGroupBox	{container=':xTuple ERP:*.Sales Order_QWorkspaceChild' name='_itemGroup' type='QGroupBox' visible='1'}
:Sales Order._schedGroup_QGroupBox	{container=':xTuple ERP:*.Sales Order_QWorkspaceChild' name='_schedGroup' type='QGroupBox' visible='1'}
:Sales Order.frame_QFrame	{container=':xTuple ERP:*.Sales Order_QWorkspaceChild' name='frame' type='QFrame' visible='1'}
:Sales Order.qt_tabwidget_stackedwidget_QStackedWidget	{container=':xTuple ERP:*.Sales Order_QWorkspaceChild' name='qt_tabwidget_stackedwidget' type='QStackedWidget' visible='1'}
:Sales Order.qt_tabwidget_tabbar_QTabBar	{container=':xTuple ERP:*.Sales Order_QWorkspaceChild' name='qt_tabwidget_tabbar' type='QTabBar' visible='1'}
:Update Actual Costs by Item.Close_QPushButton	{name='_close' text='Close' type='QPushButton' visible='1' window=':Update Actual Costs by Item_updateActualCostsByItem'}
:Update Actual Costs by Item.Roll Up Actual Costs_QCheckBox	{name='_rollUp' text='Roll Up Actual Costs' type='QCheckBox' visible='1' window=':Update Actual Costs by Item_updateActualCostsByItem'}
:Update Actual Costs by Item.Select all Costs_QPushButton	{name='_selectAll' text='Select all Costs' type='QPushButton' visible='1' window=':Update Actual Costs by Item_updateActualCostsByItem'}
:Update Actual Costs by Item.Update_QPushButton	{name='_update' text='Update' type='QPushButton' visible='1' window=':Update Actual Costs by Item_updateActualCostsByItem'}
:Update Actual Costs by Item._itemNumber_ItemLineEdit	{name='_itemNumber' type='ItemLineEdit' visible='1' window=':Update Actual Costs by Item_updateActualCostsByItem'}
:Update Actual Costs by Item_updateActualCostsByItem	{name='updateActualCostsByItem' type='updateActualCostsByItem' visible='1' windowTitle='Update Actual Costs by Item'}
:Update Standard Costs By Item.Cancel_QPushButton	{name='_close' text='Cancel' type='QPushButton' visible='1' window=':Update Standard Costs By Item_updateActualCostsByItem'}
:Update Standard Costs By Item.Close_QPushButton	{name='_close' text='Close' type='QPushButton' visible='1' window=':Update Standard Costs By Item_updateActualCostsByItem'}
:Update Standard Costs By Item.Roll Up Standard Costs_QCheckBox	{name='_rollUp' text='Roll Up Standard Costs' type='QCheckBox' visible='1' window=':Update Standard Costs By Item_updateActualCostsByItem'}
:Update Standard Costs By Item.Select all Costs_QPushButton	{name='_selectAll' text='Select all Costs' type='QPushButton' visible='1' window=':Update Standard Costs By Item_updateActualCostsByItem'}
:Update Standard Costs By Item.Update_QPushButton	{name='_update' text='Update' type='QPushButton' visible='1' window=':Update Standard Costs By Item_updateActualCostsByItem'}
:Update Standard Costs By Item._itemNumber_ItemLineEdit	{name='_itemNumber' type='ItemLineEdit' visible='1' window=':Update Standard Costs By Item_updateActualCostsByItem'}
:Update Standard Costs By Item_updateActualCostsByItem	{name='updateActualCostsByItem' type='updateActualCostsByItem' visible='1' windowTitle='Update Standard Costs By Item'}
:_amountGroup. ... _QPushButton	{container=':Quote._amountGroup_QGroupBox' name='_listPrices' text=' ... ' type='QPushButton' visible='1'}
:_amountGroup. ... _QPushButton_2	{container=':Sales Order._amountGroup_QGroupBox' name='_listPrices' text=' ... ' type='QPushButton' visible='1'}
:_frame.Password:_QLabel	{container=':Log In._frame_QFrame' name='_passwordLit' text='Password:' type='QLabel' visible?=':xTuple ERP.*_QMenuBar'}
:_frame.Username:_QLabel	{container=':Log In._frame_QFrame' name='_usernameLit' text='Username:' type='QLabel' visible='1'}
:_headerPage._customerNumber_CLineEdit	{container=':qt_tabwidget_stackedwidget._headerPage_QWidget' name='_customerNumber' type='CLineEdit' visible='1'}
:_headerPage._customerNumber_CLineEdit_2	{container=':qt_tabwidget_stackedwidget._headerPage_QWidget_2' name='_customerNumber' type='CLineEdit' visible='1'}
:_invGroup.Qty. Ordered:_QLabel	{container=':Quote._invGroup_QGroupBox' name='_qtyOrderedLit' text='Qty. Ordered:' type='QLabel' visible='1'}
:_invGroup.Qty. Ordered:_QLabel_2	{container=':Sales Order._invGroup_QGroupBox' name='_qtyOrderedLit' text='Qty. Ordered:' type='QLabel' visible='1'}
:_itemGroup._itemNumber_ItemLineEdit	{container=':Quote._itemGroup_QGroupBox' name='_itemNumber' type='ItemLineEdit' visible='1'}
:_itemGroup._itemNumber_ItemLineEdit_2	{container=':Sales Order._itemGroup_QGroupBox' name='_itemNumber' type='ItemLineEdit' visible='1'}
:_lineItemsPage.New_QPushButton	{container=':qt_tabwidget_stackedwidget._lineItemsPage_QWidget' name='_new' text='New' type='QPushButton' visible='1'}
:_lineItemsPage.New_QPushButton_2	{container=':qt_tabwidget_stackedwidget._lineItemsPage_QWidget_2' name='_new' text='New' type='QPushButton' visible='1'}
:_password_QLineEdit	{buddy=':_frame.Password:_QLabel' name='_password' type='QLineEdit' visible='1'}
:_plannerCode.All Planner Codes_QRadioButton	{container=':Run MRP by Planner Code._plannerCode_ParameterGroup' name='_all' text='All Planner Codes' type='QRadioButton' visible='1'}
:_price_XTreeWidget	{buddy=':frame.Items:_QLabel' name='_price' type='XTreeWidget' visible='1'}
:_price_XTreeWidget_2	{buddy=':frame.Items:_QLabel_2' name='_price' type='XTreeWidget' visible='1'}
:_qtyOrdered_XLineEdit	{buddy=':_invGroup.Qty. Ordered:_QLabel' name='_qtyOrdered' type='XLineEdit' visible='1'}
:_qtyOrdered_XLineEdit_2	{buddy=':_invGroup.Qty. Ordered:_QLabel_2' name='_qtyOrdered' type='XLineEdit' visible='1'}
:_schedGroup.XDateEdit_XDateEdit	{container=':Quote._schedGroup_QGroupBox' name='XDateEdit' type='XDateEdit' visible='1'}
:_schedGroup.XDateEdit_XDateEdit_2	{container=':Quote._schedGroup_QGroupBox' name='XDateEdit' occurrence='2' type='XDateEdit' visible='1'}
:_schedGroup.XDateEdit_XDateEdit_3	{container=':Sales Order._schedGroup_QGroupBox' name='XDateEdit' type='XDateEdit' visible='1'}
:_schedGroup.XDateEdit_XDateEdit_4	{container=':Sales Order._schedGroup_QGroupBox' name='XDateEdit' occurrence='2' type='XDateEdit' visible='1'}
:_username_QLineEdit	{buddy=':_frame.Username:_QLabel' name='_username' type='QLineEdit' visible='1'}
:_warehouse.All Sites_QRadioButton	{container=':List Open Sales Orders._warehouse_WarehouseGroup' name='_all' text='All Sites' type='QRadioButton' visible='1'}
:_warehouse.Selected:_QRadioButton	{container=':Run MRP by Planner Code._warehouse_WarehouseGroup' name='_selected' text='Selected:' type='QRadioButton' visible='1'}
:_warehouse._warehouses_WComboBox	{container=':Run MRP by Planner Code._warehouse_WarehouseGroup' name='_warehouses' type='WComboBox' visible='1'}
:frame.Items:_QLabel	{container=':Quote.frame_QFrame' name='_pricesLit' text='Items:' type='QLabel' visible='1'}
:frame.Items:_QLabel_2	{container=':Sales Order.frame_QFrame' name='_pricesLit' text='Items:' type='QLabel' visible='1'}
:qt_tabwidget_stackedwidget._headerPage_QWidget	{container=':Quote.qt_tabwidget_stackedwidget_QStackedWidget' name='_headerPage' type='QWidget' visible='1'}
:qt_tabwidget_stackedwidget._headerPage_QWidget_2	{container=':Sales Order.qt_tabwidget_stackedwidget_QStackedWidget' name='_headerPage' type='QWidget' visible='1'}
:qt_tabwidget_stackedwidget._lineItemsPage_QWidget	{container=':Quote.qt_tabwidget_stackedwidget_QStackedWidget' name='_lineItemsPage' type='QWidget' visible='1'}
:qt_tabwidget_stackedwidget._lineItemsPage_QWidget_2	{container=':Sales Order.qt_tabwidget_stackedwidget_QStackedWidget' name='_lineItemsPage' type='QWidget' visible='1'}
:xTuple ERP: *_QMenuBar	{type='QMenuBar' unnamed='1' visible='1' window=':xTuple ERP: Manufacturing Edition 3.2.2 - Practice Database on 192.168.2.25/1demo322-mfg AS admin_GUIClient_2'}
:xTuple ERP: Manufacturing Edition 3.2.2 - Practice Database on 192.168.2.25/1demo322-mfg AS admin.Bills of Materials_QMenu	{name='menu.prod.reportsboms' title='Bills of Materials' type='QMenu' visible='1' window=':xTuple ERP: Manufacturing Edition 3.2.2 - Practice Database on 192.168.2.25/1demo322-mfg AS admin_GUIClient'}
:xTuple ERP: Manufacturing Edition 3.2.2 - Practice Database on 192.168.2.25/1demo322-mfg AS admin.Costing_QMenu	{name='menu.prod.costing' title='Costing' type='QMenu' visible='1' window=':xTuple ERP: Manufacturing Edition 3.2.2 - Practice Database on 192.168.2.25/1demo322-mfg AS admin_GUIClient'}
:xTuple ERP: Manufacturing Edition 3.2.2 - Practice Database on 192.168.2.25/1demo322-mfg AS admin.Indented Bill of Materials_QWorkspaceChild	{name='qt_workspacechild' type='QWorkspaceChild' visible='1' window=':xTuple ERP: Manufacturing Edition 3.2.2 - Practice Database on 192.168.2.25/1demo322-mfg AS admin_GUIClient' windowTitle='Indented Bill of Materials'}
:xTuple ERP: Manufacturing Edition 3.2.2 - Practice Database on 192.168.2.25/1demo322-mfg AS admin.List Projects_QWorkspaceChild	{name='qt_workspacechild' type='QWorkspaceChild' visible='1' window=':xTuple ERP: Manufacturing Edition 3.2.2 - Practice Database on 192.168.2.25/1demo322-mfg AS admin_GUIClient_2' windowTitle='List Projects'}
:xTuple ERP: Manufacturing Edition 3.2.2 - Practice Database on 192.168.2.25/1demo322-mfg AS admin.Post Actual Costs_QMenu	{name='menu.prod.costingpostact' title='Post Actual Costs' type='QMenu' visible='1' window=':xTuple ERP: Manufacturing Edition 3.2.2 - Practice Database on 192.168.2.25/1demo322-mfg AS admin_GUIClient'}
:xTuple ERP: Manufacturing Edition 3.2.2 - Practice Database on 192.168.2.25/1demo322-mfg AS admin.Post Standard Costs_QMenu	{name='menu.prod.costingupdstd' title='Post Standard Costs' type='QMenu' visible='1' window=':xTuple ERP: Manufacturing Edition 3.2.2 - Practice Database on 192.168.2.25/1demo322-mfg AS admin_GUIClient'}
:xTuple ERP: Manufacturing Edition 3.2.2 - Practice Database on 192.168.2.25/1demo322-mfg AS admin.Products_QMenu	{name='menu.prod' title='Products' type='QMenu' visible='1' window=':xTuple ERP: Manufacturing Edition 3.2.2 - Practice Database on 192.168.2.25/1demo322-mfg AS admin_GUIClient'}
:xTuple ERP: Manufacturing Edition 3.2.2 - Practice Database on 192.168.2.25/1demo322-mfg AS admin.Project_QMenu	{name='menu.crm.projects' title='Project' type='QMenu' visible='1' window=':xTuple ERP: Manufacturing Edition 3.2.2 - Practice Database on 192.168.2.25/1demo322-mfg AS admin_GUIClient_2'}
:xTuple ERP: Manufacturing Edition 3.2.2 - Practice Database on 192.168.2.25/1demo322-mfg AS admin.Reports_QMenu	{name='menu.prod.reports' title='Reports' type='QMenu' visible?='1' window=':xTuple ERP: Manufacturing Edition 3.2.2 - Practice Database on 192.168.2.25/1demo322-mfg AS admin_GUIClient'}
:xTuple ERP: Manufacturing Edition 3.2.2 - Practice Database on 192.168.2.25/1demo322-mfg AS admin.System_QMenu	{name='menu.sys' title='System' type='QMenu' visible='1' window=':xTuple ERP: Manufacturing Edition 3.2.2 - Practice Database on 192.168.2.25/1demo322-mfg AS admin_GUIClient_2'}
:xTuple ERP: Manufacturing Edition 3.2.2 - Practice Database on 192.168.2.25/1demo322-mfg AS admin.Update Actual Costs_QMenu	{name='menu.prod.costingupdact' title='Update Actual Costs' type='QMenu' visible='1' window=':xTuple ERP: Manufacturing Edition 3.2.2 - Practice Database on 192.168.2.25/1demo322-mfg AS admin_GUIClient'}
:xTuple ERP:*.Accounting_QMenu	{name='menu.accnt' title='Accounting' type='QMenu' visible='1' window=':xTuple ERP:*_GUIClient_2'}
:xTuple ERP:*.Bills of Materials_QMenu	{name='menu.prod.reportsboms' title='Bills of Materials' type='QMenu' visible='1' window=':xTuple ERP:*_GUIClient_2'}
:xTuple ERP:*.Costing_QMenu	{name='menu.prod.costing' title='Costing' type='QMenu' visible='1' window=':xTuple ERP:*_GUIClient_2'}
:xTuple ERP:*.Indented Bill of Materials_QWorkspaceChild	{name='qt_workspacechild' type='QWorkspaceChild' visible='1' window=':xTuple ERP:*_GUIClient_2' windowTitle='Indented Bill of Materials'}
:xTuple ERP:*.List Open Sales Orders_QWorkspaceChild	{name='qt_workspacechild' type='QWorkspaceChild' visible='1' window=':xTuple ERP: Manufacturing Edition 3.2.2 - Practice Database on 192.168.2.25/1demo322-mfg AS admin_GUIClient_2' windowTitle='List Open Sales Orders'}
:xTuple ERP:*.List Tax Codes_QWorkspaceChild	{name='qt_workspacechild' type='QWorkspaceChild' visible='1' window=':xTuple ERP:*_GUIClient_2' windowTitle='List Tax Codes'}
:xTuple ERP:*.Post Actual Costs_QMenu	{name='menu.prod.costingpostact' title='Post Actual Costs' type='QMenu' visible='1' window=':xTuple ERP:*_GUIClient_2'}
:xTuple ERP:*.Post Standard Costs_QMenu	{name='menu.prod.costingupdstd' title='Post Standard Costs' type='QMenu' visible='1' window=':xTuple ERP:*_GUIClient_2'}
:xTuple ERP:*.Products_QMenu	{name='menu.prod' title='Products' type='QMenu' visible='1' window=':xTuple ERP:*_GUIClient_2'}
:xTuple ERP:*.Quote_QMenu	{name='menu.sales.quotes' title='Quote' type='QMenu' visible='1' window=':xTuple ERP:*_GUIClient_2'}
:xTuple ERP:*.Quote_QWorkspaceChild	{name='qt_workspacechild' type='QWorkspaceChild' visible='1' window=':xTuple ERP:*_GUIClient_2' windowTitle='Quote'}
:xTuple ERP:*.Reports_QMenu	{name='menu.prod.reports' title='Reports' type='QMenu' visible='1' window=':xTuple ERP:*_GUIClient_2'}
:xTuple ERP:*.Run MRP_QMenu	{name='menu.sched.plannedordersmrp' title='Run MRP' type='QMenu' visible='1' window=':xTuple ERP:*_GUIClient_2'}
:xTuple ERP:*.Sales Order_QMenu	{name='menu.sales.orders' title='Sales Order' type='QMenu' visible='1' window=':xTuple ERP: Manufacturing Edition 3.2.2 - Practice Database on 192.168.2.25/1demo322-mfg AS admin_GUIClient_2'}
:xTuple ERP:*.Sales Order_QMenu_2	{name='menu.sales.orders' title='Sales Order' type='QMenu' visible='1' window=':xTuple ERP:*_GUIClient_2'}
:xTuple ERP:*.Sales Order_QWorkspaceChild	{name='qt_workspacechild' type='QWorkspaceChild' visible='1' window=':xTuple ERP:*_GUIClient_2' windowTitle='Sales Order'}
:xTuple ERP:*.Sales_QMenu	{name='menu.sales' title='Sales' type='QMenu' visible='1' window=':xTuple ERP: Manufacturing Edition 3.2.2 - Practice Database on 192.168.2.25/1demo322-mfg AS admin_GUIClient_2'}
:xTuple ERP:*.Sales_QMenu_2	{name='menu.sales' title='Sales' type='QMenu' visible='1' window=':xTuple ERP:*_GUIClient_2'}
:xTuple ERP:*.Schedule_QMenu	{name='menu.sched' title='Schedule' type='QMenu' visible='1' window=':xTuple ERP:*_GUIClient_2'}
:xTuple ERP:*.Scheduling_QMenu	{name='menu.sched.plannedorders' title='Scheduling' type='QMenu' visible='1' window=':xTuple ERP:*_GUIClient_2'}
:xTuple ERP:*.System_QMenu	{name='menu.sys' title='System' type='QMenu' visible='1' window=':xTuple ERP:*_GUIClient_2'}
:xTuple ERP:*.Tax_QMenu	{name='menu.accnt.tax' title='Tax' type='QMenu' visible='1' window=':xTuple ERP:*_GUIClient_2'}
:xTuple ERP:*.Update Actual Costs_QMenu	{name='menu.prod.costingupdact' title='Update Actual Costs' type='QMenu' visible='1' window=':xTuple ERP:*_GUIClient_2'}
:xTuple ERP:*CRM_QMenu	{name='menu.crm' title='CRM' type='QMenu' visible='1' window=':xTuple ERP: Manufacturing Edition 3.2.2 - Practice Database on 192.168.2.25/1demo322-mfg AS admin_GUIClient_2'}
:xTuple ERP:*_GUIClient	{type='GUIClient' unnamed='1' visible='1' windowTitle?='xTuple ERP.*'}
:xTuple ERP:*_GUIClient_2	{type='GUIClient' unnamed='1' visible='1' windowTitle?='xTuple ERP:*'}
:xTuple ERP:*_QMenuBar	{type='QMenuBar' unnamed='1' visible='1' window=':xTuple ERP: Manufacturing Edition 3.2.2 - Practice Database on 192.168.2.25/1demo322-mfg AS admin_GUIClient'}
:xTuple ERP:*_QMenuBar_2	{type='QMenuBar' unnamed='1' visible='1' window=':xTuple ERP:*_GUIClient_2'}
