:*.PostBooks_QLabel	{name='_application' text='PostBooks' type='QLabel' visible='1' window=':Database Information_databaseInformation'}
:Billing Selections.Close_QPushButton	{container=':xTuple ERP: Manufacturing Edition 3.3.0 - Practice Database on 192.168.1.61/1demo330-mfg AS admin.Billing Selections_QWorkspaceChild' name='_close' text='Close' type='QPushButton' visible='1'}
:Billing Selections.Create All_QPushButton	{container=':xTuple ERP: Manufacturing Edition 3.3.0 - Practice Database on 192.168.1.61/1demo330-mfg AS admin.Billing Selections_QWorkspaceChild' name='_postAll' text='Create All' type='QPushButton' visible='1'}
:Billing Selections.Create Invoice_QPushButton	{container=':xTuple ERP: Manufacturing Edition 3.3.0 - Practice Database on 192.168.1.61/1demo330-mfg AS admin.Billing Selections_QWorkspaceChild' name='_post' text='Create Invoice' type='QPushButton' visible='1'}
:Billing Selections.Post_QPushButton	{container=':xTuple ERP: Manufacturing Edition 3.3.0 - Practice Database on 192.168.1.61/1demo330-mfg AS admin.Billing Selections_QWorkspaceChild' name='_post' text='Post' type='QPushButton' visible='1'}
:Billing Selections.Print_QPushButton	{container=':xTuple ERP: Manufacturing Edition 3.3.0 - Practice Database on 192.168.1.61/1demo330-mfg AS admin.Billing Selections_QWorkspaceChild' name='_print' text='Print' type='QPushButton' visible='1'}
:Billing Selections._cobill_XTreeWidget	{container=':xTuple ERP: Manufacturing Edition 3.3.0 - Practice Database on 192.168.1.61/1demo330-mfg AS admin.Billing Selections_QWorkspaceChild' name='_cobill' type='XTreeWidget' visible='1'}
:Cash Receipt...._QPushButton	{container=':xTuple ERP: Manufacturing Edition 3.3.0 - Practice Database on 192.168.1.61/1demo330-mfg AS admin.Cash Receipt_QWorkspaceChild' name='_list' text='...' type='QPushButton' visible='1'}
:Cash Receipt.Save_QPushButton	{container=':xTuple ERP: Manufacturing Edition 3.3.0 - Practice Database on 192.168.1.61/1demo330-mfg AS admin.Cash Receipt_QWorkspaceChild' name='_save' occurrence='2' text='Save' type='QPushButton' visible='1'}
:Cash Receipt.Save_QPushButton_2	{container=':xTuple ERP: Manufacturing Edition 3.3.0 - Practice Database on 192.168.1.61/1demo330-mfg AS admin.Cash Receipt_QWorkspaceChild' name='_save' text='Save' type='QPushButton' visible='1'}
:Cash Receipt._amountGroup_QGroupBox	{container=':xTuple ERP: Manufacturing Edition 3.3.0 - Practice Database on 192.168.1.61/1demo330-mfg AS admin.Cash Receipt_QWorkspaceChild' name='_amountGroup' type='QGroupBox' visible='1'}
:Cash Receipt._currency_XComboBox	{container=':xTuple ERP: Manufacturing Edition 3.3.0 - Practice Database on 192.168.1.61/1demo330-mfg AS admin.Cash Receipt_QWorkspaceChild' name='_currency' occurrence='2' type='XComboBox' visible='1'}
:Cash Receipt._currency_XLineEdit	{container=':xTuple ERP: Manufacturing Edition 3.3.0 - Practice Database on 192.168.1.61/1demo330-mfg AS admin.Cash Receipt_QWorkspaceChild' leftWidget=':Cash Receipt._currency_XComboBox' type='XLineEdit' unnamed='1' visible='1'}
:Cash Receipt._titleLit_QLabel	{container=':xTuple ERP: Manufacturing Edition 3.3.0 - Practice Database on 192.168.1.61/1demo330-mfg AS admin.Cash Receipt_QWorkspaceChild' name='_titleLit' type='QLabel' visible='1'}
:Cash Receipt.qt_tabwidget_stackedwidget_QStackedWidget	{container=':xTuple ERP: Manufacturing Edition 3.3.0 - Practice Database on 192.168.1.61/1demo330-mfg AS admin.Cash Receipt_QWorkspaceChild' name='qt_tabwidget_stackedwidget' type='QStackedWidget' visible='1'}
:Cash Receipt_XLineEdit	{container=':xTuple ERP: Manufacturing Edition 3.3.0 - Practice Database on 192.168.1.61/1demo330-mfg AS admin.Cash Receipt_QWorkspaceChild' occurrence='6' type='XLineEdit' unnamed='1' visible='1'}
:Customer History.Close_QPushButton	{container=':xTuple ERP: Manufacturing Edition 3.3.0 - Practice Database on 192.168.1.61/1demo330-mfg AS admin.Customer History_QWorkspaceChild' name='_close' text='Close' type='QPushButton' visible='1'}
:Customer History.Document Date Range_QGroupBox	{container=':xTuple ERP: Manufacturing Edition 3.3.0 - Practice Database on 192.168.1.61/1demo330-mfg AS admin.Customer History_QWorkspaceChild' name='groupBox_2' title='Document Date Range' type='QGroupBox' visible='1'}
:Customer History.Query_QPushButton	{container=':xTuple ERP: Manufacturing Edition 3.3.0 - Practice Database on 192.168.1.61/1demo330-mfg AS admin.Customer History_QWorkspaceChild' name='_query' text='Query' type='QPushButton' visible='1'}
:Customer History.Selection_QGroupBox	{container=':xTuple ERP: Manufacturing Edition 3.3.0 - Practice Database on 192.168.1.61/1demo330-mfg AS admin.Customer History_QWorkspaceChild' name='groupBox' title='Selection' type='QGroupBox' visible='1'}
:Customer History._frame_QFrame	{container=':xTuple ERP: Manufacturing Edition 3.3.0 - Practice Database on 192.168.1.61/1demo330-mfg AS admin.Customer History_QWorkspaceChild' name='_frame' type='QFrame' visible='1'}
:Database Information.*_QLabel	{name='_application' text?='*' type='QLabel' visible='1' window=':Database Information_databaseInformation'}
:Database Information.Application:_QLabel	{name='_applicationLit' text='Application:' type='QLabel' visible='1' window=':Database Information_databaseInformation'}
:Database Information.Save_QPushButton	{name='_save' text='Save' type='QPushButton' visible='1' window=':Database Information_databaseInformation'}
:Database Information_databaseInformation	{name='databaseInformation' type='databaseInformation' visible='1' windowTitle?='*'}
:Document Date Range.XDateEdit_XDateEdit	{container=':Customer History.Document Date Range_QGroupBox' name='XDateEdit' type='XDateEdit' visible='1'}
:Document Date Range.XDateEdit_XDateEdit_2	{container=':Customer History.Document Date Range_QGroupBox' name='XDateEdit' occurrence='2' type='XDateEdit' visible='1'}
:General Ledger Transactions.Close_QPushButton	{container=':xTuple ERP: Manufacturing Edition 3.3.0 - Practice Database on 192.168.1.61/1demo330-mfg AS admin.General Ledger Transactions_QWorkspaceChild' name='_close' text='Close' type='QPushButton' visible='1'}
:General Ledger Transactions.Query_QPushButton	{container=':xTuple ERP: Manufacturing Edition 3.3.0 - Practice Database on 192.168.1.61/1demo330-mfg AS admin.General Ledger Transactions_QWorkspaceChild' name='_query' text='Query' type='QPushButton' visible='1'}
:General Ledger Transactions._accountGroup_QGroupBox	{container=':xTuple ERP: Manufacturing Edition 3.3.0 - Practice Database on 192.168.1.61/1demo330-mfg AS admin.General Ledger Transactions_QWorkspaceChild' name='_accountGroup' type='QGroupBox' visible='1'}
:General Ledger Transactions._dateGroup_QGroupBox	{container=':xTuple ERP: Manufacturing Edition 3.3.0 - Practice Database on 192.168.1.61/1demo330-mfg AS admin.General Ledger Transactions_QWorkspaceChild' name='_dateGroup' type='QGroupBox' visible='1'}
:General Ledger Transactions._frame_QFrame	{container=':xTuple ERP: Manufacturing Edition 3.3.0 - Practice Database on 192.168.1.61/1demo330-mfg AS admin.General Ledger Transactions_QWorkspaceChild' name='_frame' type='QFrame' visible='1'}
:General Ledger Transactions._sourceGroup_QGroupBox	{container=':xTuple ERP: Manufacturing Edition 3.3.0 - Practice Database on 192.168.1.61/1demo330-mfg AS admin.General Ledger Transactions_QWorkspaceChild' name='_sourceGroup' type='QGroupBox' visible='1'}
:Invoice.Close_QPushButton	{container=':xTuple ERP: Manufacturing Edition 3.3.0 - Practice Database on 192.168.1.61/1demo330-mfg AS admin.Invoice_QWorkspaceChild' name='_close' text='Close' type='QPushButton' visible='1'}
:Invoice.qt_tabwidget_stackedwidget_QStackedWidget	{container=':xTuple ERP: Manufacturing Edition 3.3.0 - Practice Database on 192.168.1.61/1demo330-mfg AS admin.Invoice_QWorkspaceChild' name='qt_tabwidget_stackedwidget' type='QStackedWidget' visible='1'}
:Issue to Shipping...._QPushButton	{container=':xTuple ERP: Manufacturing Edition 3.3.0 - Practice Database on 192.168.1.61/1demo330-mfg AS admin.Issue to Shipping_QWorkspaceChild' name='_list' text='...' type='QPushButton' visible='1'}
:Issue to Shipping.Close_QPushButton	{container=':xTuple ERP: Manufacturing Edition 3.3.0 - Practice Database on 192.168.1.61/1demo330-mfg AS admin.Issue to Shipping_QWorkspaceChild' name='_close' text='Close' type='QPushButton' visible='1'}
:Issue to Shipping.OK_QPushButton	{container=':xTuple ERP: Manufacturing Edition 3.3.0 - Practice Database on 192.168.1.61/1demo330-mfg AS admin.Issue to Shipping_QWorkspaceChild' text='OK' type='QPushButton' unnamed='1' visible='1'}
:Issue to Shipping.Orders_QLabel	{container=':xTuple ERP: Manufacturing Edition 3.3.0 - Practice Database on 192.168.1.61/1demo330-mfg AS admin.Issue to Shipping_QWorkspaceChild' name='_titleLit' text='Orders' type='QLabel' visible='1'}
:Issue to Shipping.Ship Order_QPushButton	{container=':xTuple ERP: Manufacturing Edition 3.3.0 - Practice Database on 192.168.1.61/1demo330-mfg AS admin.Issue to Shipping_QWorkspaceChild' name='_ship' text='Ship Order' type='QPushButton' visible='1'}
:Issue to Shipping.Ship_QPushButton	{container=':xTuple ERP: Manufacturing Edition 3.3.0 - Practice Database on 192.168.1.61/1demo330-mfg AS admin.Issue to Shipping_QWorkspaceChild' name='_ship' text='Ship' type='QPushButton' visible='1'}
:Issue to Shipping.frame_QFrame	{container=':xTuple ERP: Manufacturing Edition 3.3.0 - Practice Database on 192.168.1.61/1demo330-mfg AS admin.Issue to Shipping_QWorkspaceChild' name='frame' type='QFrame' visible='1'}
:Issue to Shipping.groupBox_QGroupBox	{container=':xTuple ERP: Manufacturing Edition 3.3.0 - Practice Database on 192.168.1.61/1demo330-mfg AS admin.Issue to Shipping_QWorkspaceChild' name='groupBox' type='QGroupBox' visible='1'}
:Issue to Shipping.groupBox_QGroupBox_2	{container=':xTuple ERP: Manufacturing Edition 3.3.0 - Practice Database on 192.168.1.61/10demo330-mfg AS admin.Issue to Shipping_QWorkspaceChild' name='groupBox' type='QGroupBox' visible='1'}
:Issue to Shipping.groupBox_QGroupBox_3	{container=':xTuple ERP: Manufacturing Edition 3.3.0 - Practice Database on 192.168.1.61/9demo330-mfg AS admin.Issue to Shipping_QWorkspaceChild' name='groupBox' type='QGroupBox' visible='1'}
:Issue to Shipping.qt_msgbox_buttonbox_QDialogButtonBox	{container=':xTuple ERP: Manufacturing Edition 3.3.0 - Practice Database on 192.168.1.61/1demo330-mfg AS admin.Issue to Shipping_QWorkspaceChild' name='qt_msgbox_buttonbox' type='QDialogButtonBox' visible='1'}
:List Customers.Close_QPushButton	{container=':xTuple ERP: Manufacturing Edition 3.3.0 - Practice Database on 192.168.1.61/1demo330-mfg AS admin.List Customers_QWorkspaceChild' name='_close' text='Close' type='QPushButton' visible='1'}
:List Customers._cust_XTreeWidget	{container=':xTuple ERP: Manufacturing Edition 3.3.0 - Practice Database on 192.168.1.61/1demo330-mfg AS admin.List Customers_QWorkspaceChild' name='_cust' type='XTreeWidget' visible='1'}
:List Open Sales Orders.Close_QPushButton	{container=':xTuple ERP: Manufacturing Edition 3.3.0 - Practice Database on 192.168.1.61/1demo330-mfg AS admin.List Open Sales Orders_QWorkspaceChild' name='_close' text='Close' type='QPushButton' visible='1'}
:List Open Sales Orders.Copy_QPushButton	{container=':xTuple ERP: Manufacturing Edition 3.3.0 - Practice Database on 192.168.1.61/1demo330-mfg AS admin.List Open Sales Orders_QWorkspaceChild' name='_copy' occurrence='2' text='Copy' type='QPushButton' visible='1'}
:List Open Sales Orders.List Open Sales Orders_openSalesOrders	{container=':xTuple ERP: Manufacturing Edition 3.3.0 - Practice Database on 192.168.1.61/1demo330-mfg AS admin.List Open Sales Orders_QWorkspaceChild' name='openSalesOrders' type='openSalesOrders' visible='1' windowTitle='List Open Sales Orders'}
:List Open Sales Orders.Yes_QPushButton	{container=':xTuple ERP: Manufacturing Edition 3.3.0 - Practice Database on 192.168.1.61/1demo330-mfg AS admin.List Open Sales Orders_QWorkspaceChild' text='Yes' type='QPushButton' unnamed='1' visible='1'}
:List Open Sales Orders.frame_QFrame	{container=':xTuple ERP: Manufacturing Edition 3.3.0 - Practice Database on 192.168.1.61/1demo330-mfg AS admin.List Open Sales Orders_QWorkspaceChild' name='frame' type='QFrame' visible='1'}
:List Prospects.Close_QPushButton	{container=':xTuple ERP: Manufacturing Edition 3.3.0 - Practice Database on 192.168.1.61/1demo330-mfg AS admin.List Prospects_QWorkspaceChild' name='_close' text='Close' type='QPushButton' visible='1'}
:List Prospects.New_QPushButton	{container=':xTuple ERP: Manufacturing Edition 3.3.0 - Practice Database on 192.168.1.61/1demo330-mfg AS admin.List Prospects_QWorkspaceChild' name='_new' text='New' type='QPushButton' visible='1'}
:List Prospects._prospect_XTreeWidget	{container=':xTuple ERP: Manufacturing Edition 3.3.0 - Practice Database on 192.168.1.61/1demo330-mfg AS admin.List Prospects_QWorkspaceChild' name='_prospect' type='XTreeWidget' visible='1'}
:List Quotes.Close_QPushButton	{container=':xTuple ERP: Manufacturing Edition 3.3.0 - Practice Database on 192.168.1.61/1demo330-mfg AS admin.List Quotes_QWorkspaceChild' name='_close' text='Close' type='QPushButton' visible='1'}
:List Quotes.Show_QGroupBox	{container=':xTuple ERP: Manufacturing Edition 3.3.0 - Practice Database on 192.168.1.61/1demo330-mfg AS admin.List Quotes_QWorkspaceChild' name='_showGroup' title='Show' type='QGroupBox' visible='1'}
:List Quotes.Yes_QPushButton	{container=':xTuple ERP: Manufacturing Edition 3.3.0 - Practice Database on 192.168.1.61/1demo330-mfg AS admin.List Quotes_QWorkspaceChild' text='Yes' type='QPushButton' unnamed='1' visible='1'}
:List Quotes.frame_QFrame	{container=':xTuple ERP: Manufacturing Edition 3.3.0 - Practice Database on 192.168.1.61/1demo330-mfg AS admin.List Quotes_QWorkspaceChild' name='frame' type='QFrame' visible='1'}
:List Quotes.frame_QFrame_2	{container=':xTuple ERP: Manufacturing Edition 3.3.0 - Practice Database on 192.168.1.61/10demo330-mfg AS admin.List Quotes_QWorkspaceChild' name='frame' type='QFrame' visible='1'}
:List Quotes.frame_QFrame_3	{container=':xTuple ERP: Manufacturing Edition 3.3.0 - Practice Database on 192.168.1.61/9demo330-mfg AS admin.List Quotes_QWorkspaceChild' name='frame' type='QFrame' visible='1'}
:List Unposted Invoices.Alternate Date:_QRadioButton	{container=':xTuple ERP: Manufacturing Edition 3.3.0 - Practice Database on 192.168.1.61/1demo330-mfg AS admin.List Unposted Invoices_QWorkspaceChild' name='_particular' text='Alternate Date:' type='QRadioButton' visible='1'}
:List Unposted Invoices.Close_QPushButton	{container=':xTuple ERP: Manufacturing Edition 3.3.0 - Practice Database on 192.168.1.61/1demo330-mfg AS admin.List Unposted Invoices_QWorkspaceChild' name='_close' text='Close' type='QPushButton' visible='1'}
:List Unposted Invoices.Continue_QPushButton	{container=':xTuple ERP: Manufacturing Edition 3.3.0 - Practice Database on 192.168.1.61/1demo330-mfg AS admin.List Unposted Invoices_QWorkspaceChild' name='_continue' text='Continue' type='QPushButton' visible='1'}
:List Unposted Invoices.Post_QPushButton	{container=':xTuple ERP: Manufacturing Edition 3.3.0 - Practice Database on 192.168.1.61/1demo330-mfg AS admin.List Unposted Invoices_QWorkspaceChild' name='_post' text='Post' type='QPushButton' visible='1'}
:List Unposted Invoices.Query_QPushButton	{container=':xTuple ERP: Manufacturing Edition 3.3.0 - Practice Database on 192.168.1.61/1demo330-mfg AS admin.List Unposted Invoices_QWorkspaceChild' name='_query' text='Query' type='QPushButton' visible='1'}
:List Unposted Invoices.Unposted Invoices:_QLabel	{container=':xTuple ERP: Manufacturing Edition 3.3.0 - Practice Database on 192.168.1.61/1demo330-mfg AS admin.List Unposted Invoices_QWorkspaceChild' name='_purchaseOrdersLit' text='Unposted Invoices:' type='QLabel' visible='1'}
:List Unposted Invoices.Yes_QPushButton	{container=':xTuple ERP: Manufacturing Edition 3.3.0 - Practice Database on 192.168.1.61/1demo330-mfg AS admin.List Unposted Invoices_QWorkspaceChild' text='Yes' type='QPushButton' unnamed='1' visible='1'}
:Log In.Options..._QPushButton	{name='_options' text='Options...' type='QPushButton' visible='1' window=':Log In_login2'}
:Log In._frame_QFrame	{name='_frame' type='QFrame' visible='1' window=':Log In_login2'}
:Log In._logo_QLabel	{name='_logo' type='QLabel' visible='1' window=':Log In_login2'}
:Log In_login2	{name='login2' type='login2' visible='1' windowTitle='Log In'}
:Login Options.Database:_QLabel	{name='_databaseLit' text='Database:' type='QLabel' visible='1' window=':Login Options_login2Options'}
:Login Options.Port:_QLabel	{name='_portLit' text='Port:' type='QLabel' visible='1' window=':Login Options_login2Options'}
:Login Options.Save_QPushButton	{name='_save' text='Save' type='QPushButton' visible='1' window=':Login Options_login2Options'}
:Login Options.Server:_QLabel	{name='_serverLit' text='Server:' type='QLabel' visible='1' window=':Login Options_login2Options'}
:Login Options_login2Options	{name='login2Options' type='login2Options' visible='1' windowTitle='Login Options'}
:Prospect...._QPushButton	{container=':xTuple ERP: Manufacturing Edition 3.3.0 - Practice Database on 192.168.1.61/1demo330-mfg AS admin.Prospect_QWorkspaceChild' name='_list' text='...' type='QPushButton' visible='1'}
:Prospect...._QPushButton_2	{container=':xTuple ERP: Manufacturing Edition 3.3.0 - Practice Database on 192.168.1.61/1demo330-mfg AS admin.Prospect_QWorkspaceChild' name='_list' occurrence='2' text='...' type='QPushButton' visible='1'}
:Prospect.Prospect #:_QLabel	{container=':xTuple ERP: Manufacturing Edition 3.3.0 - Practice Database on 192.168.1.61/1demo330-mfg AS admin.Prospect_QWorkspaceChild' name='_numberLit' text='Prospect #:' type='QLabel' visible='1'}
:Prospect.Prospect Name:_QLabel	{container=':xTuple ERP: Manufacturing Edition 3.3.0 - Practice Database on 192.168.1.61/1demo330-mfg AS admin.Prospect_QWorkspaceChild' name='_nameLit' text='Prospect Name:' type='QLabel' visible='1'}
:Prospect.Prospect_QWorkspaceTitleBar	{container=':xTuple ERP: Manufacturing Edition 3.3.0 - Practice Database on 192.168.1.61/1demo330-mfg AS admin.Prospect_QWorkspaceChild' type='QWorkspaceTitleBar' unnamed='1' visible='1' windowTitle='Prospect'}
:Prospect.Sales Rep:_QLabel	{container=':xTuple ERP: Manufacturing Edition 3.3.0 - Practice Database on 192.168.1.61/1demo330-mfg AS admin.Prospect_QWorkspaceChild' name='label' text='Sales Rep:' type='QLabel' visible='1'}
:Prospect.Save_QPushButton	{container=':xTuple ERP: Manufacturing Edition 3.3.0 - Practice Database on 192.168.1.61/1demo330-mfg AS admin.Prospect_QWorkspaceChild' name='_save' text='Save' type='QPushButton' visible='1'}
:Prospect.Tax Zone:_QLabel	{container=':xTuple ERP: Manufacturing Edition 3.3.0 - Practice Database on 192.168.1.61/1demo330-mfg AS admin.Prospect_QWorkspaceChild' name='_taxzoneLit' text='Tax Zone:' type='QLabel' visible='1'}
:Prospect._titleLit_QLabel	{container=':xTuple ERP: Manufacturing Edition 3.3.0 - Practice Database on 192.168.1.61/1demo330-mfg AS admin.Prospect_QWorkspaceChild' name='_titleLit' occurrence='2' type='QLabel' visible='1'}
:Quantities on Hand by Item.Close_QPushButton	{container=':xTuple ERP: Manufacturing Edition 3.3.0 - Practice Database on 192.168.1.61/1demo330-mfg AS admin.Quantities on Hand by Item_QWorkspaceChild' name='_close' text='Close' type='QPushButton' visible='1'}
:Quantities on Hand by Item.Query_QPushButton	{container=':xTuple ERP: Manufacturing Edition 3.3.0 - Practice Database on 192.168.1.61/1demo330-mfg AS admin.Quantities on Hand by Item_QWorkspaceChild' name='_query' text='Query' type='QPushButton' visible='1'}
:Quantities on Hand by Item._itemGroup_QGroupBox	{container=':xTuple ERP: Manufacturing Edition 3.3.0 - Practice Database on 192.168.1.61/1demo330-mfg AS admin.Quantities on Hand by Item_QWorkspaceChild' name='_itemGroup' type='QGroupBox' visible='1'}
:Quantities on Hand by Item._warehouse_WarehouseGroup	{container=':xTuple ERP: Manufacturing Edition 3.3.0 - Practice Database on 192.168.1.61/1demo330-mfg AS admin.Quantities on Hand by Item_QWorkspaceChild' name='_warehouse' type='WarehouseGroup' visible='1'}
:Quantities on Hand by Item.frame_QFrame	{container=':xTuple ERP: Manufacturing Edition 3.3.0 - Practice Database on 192.168.1.61/1demo330-mfg AS admin.Quantities on Hand by Item_QWorkspaceChild' name='frame' type='QFrame' visible='1'}
:Quote Item_salesOrderItem	{name='salesOrderItem' type='salesOrderItem' visible='1' windowTitle='Quote Item'}
:Quote.Cancel_QPushButton	{container=':xTuple ERP: Manufacturing Edition 3.3.0 - Practice Database on 192.168.1.61/1demo330-mfg AS admin.Quote_QWorkspaceChild' name='_close' text='Cancel' type='QPushButton' visible='1'}
:Quote.Cancel_QPushButton_2	{container=':xTuple ERP: Manufacturing Edition 3.3.0 - Practice Database on 192.168.1.61/10demo330-mfg AS admin.Quote_QWorkspaceChild' name='_close' text='Cancel' type='QPushButton' visible='1'}
:Quote.Close_QPushButton	{container=':xTuple ERP: Manufacturing Edition 3.3.0 - Practice Database on 192.168.1.61/1demo330-mfg AS admin.Quote_QWorkspaceChild' name='_close' text='Close' type='QPushButton' visible='1'}
:Quote.Close_QPushButton_2	{container=':xTuple ERP: Manufacturing Edition 3.3.0 - Practice Database on 192.168.1.61/1demo330-mfg AS admin.Quote_QWorkspaceChild' name='_close' occurrence='2' text='Close' type='QPushButton' visible='1'}
:Quote.Save_QPushButton	{container=':xTuple ERP: Manufacturing Edition 3.3.0 - Practice Database on 192.168.1.61/1demo330-mfg AS admin.Quote_QWorkspaceChild' name='_save' occurrence='2' text='Save' type='QPushButton' visible='1'}
:Quote.Save_QPushButton_2	{container=':xTuple ERP: Manufacturing Edition 3.3.0 - Practice Database on 192.168.1.61/1demo330-mfg AS admin.Quote_QWorkspaceChild' name='_save' text='Save' type='QPushButton' visible='1'}
:Quote.Yes_QPushButton	{container=':xTuple ERP: Manufacturing Edition 3.3.0 - Practice Database on 192.168.1.61/1demo330-mfg AS admin.Quote_QWorkspaceChild' text='Yes' type='QPushButton' unnamed='1' visible='1'}
:Quote._amountGroup_QGroupBox	{container=':xTuple ERP: Manufacturing Edition 3.3.0 - Practice Database on 192.168.1.61/1demo330-mfg AS admin.Quote_QWorkspaceChild' name='_amountGroup' type='QGroupBox' visible='1'}
:Quote._invGroup_QGroupBox	{container=':xTuple ERP: Manufacturing Edition 3.3.0 - Practice Database on 192.168.1.61/1demo330-mfg AS admin.Quote_QWorkspaceChild' name='_invGroup' type='QGroupBox' visible='1'}
:Quote._itemGroup_QGroupBox	{container=':xTuple ERP: Manufacturing Edition 3.3.0 - Practice Database on 192.168.1.61/1demo330-mfg AS admin.Quote_QWorkspaceChild' name='_itemGroup' type='QGroupBox' visible='1'}
:Quote._schedGroup_QGroupBox	{container=':xTuple ERP: Manufacturing Edition 3.3.0 - Practice Database on 192.168.1.61/1demo330-mfg AS admin.Quote_QWorkspaceChild' name='_schedGroup' type='QGroupBox' visible='1'}
:Quote.qt_tabwidget_stackedwidget_QStackedWidget	{container=':xTuple ERP: Manufacturing Edition 3.3.0 - Practice Database on 192.168.1.61/1demo330-mfg AS admin.Quote_QWorkspaceChild' name='qt_tabwidget_stackedwidget' type='QStackedWidget' visible='1'}
:Quote.qt_tabwidget_stackedwidget_QStackedWidget_2	{container=':xTuple ERP: PostBooks Edition 3.3.0 - Empty Practice Database on 192.168.1.61/1empty330-pb AS admin.Quote_QWorkspaceChild' name='qt_tabwidget_stackedwidget' type='QStackedWidget' visible='1'}
:Quote.qt_tabwidget_tabbar_QTabBar	{container=':xTuple ERP: Manufacturing Edition 3.3.0 - Practice Database on 192.168.1.61/1demo330-mfg AS admin.Quote_QWorkspaceChild' name='qt_tabwidget_tabbar' type='QTabBar' visible='1'}
:Receivables Workbench.Close_QPushButton	{container=':xTuple ERP: Manufacturing Edition 3.3.0 - Practice Database on 192.168.1.61/1demo330-mfg AS admin.Receivables Workbench_QWorkspaceChild' name='_close' text='Close' type='QPushButton' visible='1'}
:Receivables Workbench.OK_QPushButton	{container=':xTuple ERP: Manufacturing Edition 3.3.0 - Practice Database on 192.168.1.61/1demo330-mfg AS admin.Receivables Workbench_QWorkspaceChild' text='OK' type='QPushButton' unnamed='1' visible='1'}
:Receivables Workbench.Query_QPushButton	{container=':xTuple ERP: Manufacturing Edition 3.3.0 - Practice Database on 192.168.1.61/1demo330-mfg AS admin.Receivables Workbench_QWorkspaceChild' name='_query' text='Query' type='QPushButton' visible='1'}
:Receivables Workbench.Receivables Workbench_QWorkspaceTitleBar	{container=':xTuple ERP: Manufacturing Edition 3.3.0 - Practice Database on 192.168.1.61/1demo330-mfg AS admin.Receivables Workbench_QWorkspaceChild' type='QWorkspaceTitleBar' unnamed='1' visible='1' windowTitle='Receivables Workbench'}
:Receivables Workbench.qt_tabwidget_stackedwidget_QStackedWidget	{container=':xTuple ERP: Manufacturing Edition 3.3.0 - Practice Database on 192.168.1.61/1demo330-mfg AS admin.Receivables Workbench_QWorkspaceChild' name='qt_tabwidget_stackedwidget' type='QStackedWidget' visible='1'}
:Receivables Workbench.qt_tabwidget_tabbar_QTabBar	{container=':xTuple ERP: Manufacturing Edition 3.3.0 - Practice Database on 192.168.1.61/1demo330-mfg AS admin.Receivables Workbench_QWorkspaceChild' name='qt_tabwidget_tabbar' type='QTabBar' visible='1'}
:Sales Order Item_salesOrderItem	{name='salesOrderItem' type='salesOrderItem' visible='1' windowTitle='Sales Order Item'}
:Sales Order.Cancel_QPushButton	{container=':xTuple ERP: Manufacturing Edition 3.3.0 - Practice Database on 192.168.1.61/1demo330-mfg AS admin.Sales Order_QWorkspaceChild' name='_close' text='Cancel' type='QPushButton' visible='1'}
:Sales Order.Cancel_QPushButton_2	{container=':xTuple ERP: Manufacturing Edition 3.3.0 - Practice Database on 192.168.1.61/1demo330-mfg AS admin.Sales Order_QWorkspaceChild' name='_close' occurrence='2' text='Cancel' type='QPushButton' visible='1'}
:Sales Order.Close_QPushButton	{container=':xTuple ERP: Manufacturing Edition 3.3.0 - Practice Database on 192.168.1.61/1demo330-mfg AS admin.Sales Order_QWorkspaceChild' name='_close' occurrence='2' text='Close' type='QPushButton' visible='1'}
:Sales Order.Close_QPushButton_2	{container=':xTuple ERP: Manufacturing Edition 3.3.0 - Practice Database on 192.168.1.61/1demo330-mfg AS admin.Sales Order_QWorkspaceChild' name='_close' text='Close' type='QPushButton' visible='1'}
:Sales Order.No_QPushButton	{container=':xTuple ERP: PostBooks Edition 3.3.0 - Empty Practice Database on 192.168.1.61/1empty330-pb AS admin.Sales Order_QWorkspaceChild' text='No' type='QPushButton' unnamed='1' visible='1'}
:Sales Order.OK_QPushButton	{container=':xTuple ERP: PostBooks Edition 3.3.0 - Empty Practice Database on 192.168.1.61/1empty330-pb AS admin.Sales Order_QWorkspaceChild' text='OK' type='QPushButton' unnamed='1' visible='1'}
:Sales Order.Sales Order_QWorkspaceTitleBar	{container=':xTuple ERP: Manufacturing Edition 3.3.0 - Practice Database on 192.168.1.61/1demo330-mfg AS admin.Sales Order_QWorkspaceChild' type='QWorkspaceTitleBar' unnamed='1' visible='1' windowTitle='Sales Order'}
:Sales Order.Save_QPushButton	{container=':xTuple ERP: Manufacturing Edition 3.3.0 - Practice Database on 192.168.1.61/1demo330-mfg AS admin.Sales Order_QWorkspaceChild' name='_save' occurrence='2' text='Save' type='QPushButton' visible='1'}
:Sales Order.Save_QPushButton_2	{container=':xTuple ERP: Manufacturing Edition 3.3.0 - Practice Database on 192.168.1.61/1demo330-mfg AS admin.Sales Order_QWorkspaceChild' name='_save' text='Save' type='QPushButton' visible='1'}
:Sales Order.Yes_QPushButton	{container=':xTuple ERP: Manufacturing Edition 3.3.0 - Practice Database on 192.168.1.61/1demo330-mfg AS admin.Sales Order_QWorkspaceChild' text='Yes' type='QPushButton' unnamed='1' visible='1'}
:Sales Order._amountGroup_QGroupBox	{container=':xTuple ERP: PostBooks Edition 3.3.0 - Empty Practice Database on 192.168.1.61/1empty330-pb AS admin.Sales Order_QWorkspaceChild' name='_amountGroup' type='QGroupBox' visible='1'}
:Sales Order._amountGroup_QGroupBox_2	{container=':xTuple ERP: Manufacturing Edition 3.3.0 - Practice Database on 192.168.1.61/1demo330-mfg AS admin.Sales Order_QWorkspaceChild' name='_amountGroup' type='QGroupBox' visible='1'}
:Sales Order._invGroup_QGroupBox	{container=':xTuple ERP: Manufacturing Edition 3.3.0 - Practice Database on 192.168.1.61/1demo330-mfg AS admin.Sales Order_QWorkspaceChild' name='_invGroup' type='QGroupBox' visible='1'}
:Sales Order._itemGroup_QGroupBox	{container=':xTuple ERP: Manufacturing Edition 3.3.0 - Practice Database on 192.168.1.61/1demo330-mfg AS admin.Sales Order_QWorkspaceChild' name='_itemGroup' type='QGroupBox' visible='1'}
:Sales Order._schedGroup_QGroupBox	{container=':xTuple ERP: Manufacturing Edition 3.3.0 - Practice Database on 192.168.1.61/1demo330-mfg AS admin.Sales Order_QWorkspaceChild' name='_schedGroup' type='QGroupBox' visible='1'}
:Sales Order.qt_tabwidget_stackedwidget_QStackedWidget	{container=':xTuple ERP: Manufacturing Edition 3.3.0 - Practice Database on 192.168.1.61/1demo330-mfg AS admin.Sales Order_QWorkspaceChild' name='qt_tabwidget_stackedwidget' type='QStackedWidget' visible='1'}
:Sales Order.qt_tabwidget_stackedwidget_QStackedWidget_2	{container=':xTuple ERP: PostBooks Edition 3.3.0 - Empty Practice Database on 192.168.1.61/1empty330-pb AS admin.Sales Order_QWorkspaceChild' name='qt_tabwidget_stackedwidget' type='QStackedWidget' visible='1'}
:Sales Order.qt_tabwidget_tabbar_QTabBar	{container=':xTuple ERP: Manufacturing Edition 3.3.0 - Practice Database on 192.168.1.61/1demo330-mfg AS admin.Sales Order_QWorkspaceChild' name='qt_tabwidget_tabbar' type='QTabBar' visible='1'}
:Select Order for Billing.Close_QPushButton	{container=':xTuple ERP: Manufacturing Edition 3.3.0 - Practice Database on 192.168.1.61/1demo330-mfg AS admin.Select Order for Billing_QWorkspaceChild' name='_close' text='Close' type='QPushButton' visible='1'}
:Select Order for Billing.Save_QPushButton	{container=':xTuple ERP: Manufacturing Edition 3.3.0 - Practice Database on 192.168.1.61/1demo330-mfg AS admin.Select Order for Billing_QWorkspaceChild' name='_save' text='Save' type='QPushButton' visible='1'}
:Select Order for Billing.Select Order for Billing_QWorkspaceTitleBar	{container=':xTuple ERP: Manufacturing Edition 3.3.0 - Practice Database on 192.168.1.61/1demo330-mfg AS admin.Select Order for Billing_QWorkspaceChild' type='QWorkspaceTitleBar' unnamed='1' visible='1' windowTitle='Select Order for Billing'}
:Select Order for Billing._orderGroup_QGroupBox	{container=':xTuple ERP: Manufacturing Edition 3.3.0 - Practice Database on 192.168.1.61/1demo330-mfg AS admin.Select Order for Billing_QWorkspaceChild' name='_orderGroup' type='QGroupBox' visible='1'}
:Select Order for Billing._so_XTreeWidget	{container=':xTuple ERP: Manufacturing Edition 3.3.0 - Practice Database on 192.168.1.61/1demo330-mfg AS admin.Select Order for Billing_QWorkspaceChild' name='_so' type='XTreeWidget' visible='1'}
:Select Order for Billing.qt_tabwidget_stackedwidget_QStackedWidget	{container=':xTuple ERP: Manufacturing Edition 3.3.0 - Practice Database on 192.168.1.61/1demo330-mfg AS admin.Select Order for Billing_QWorkspaceChild' name='qt_tabwidget_stackedwidget' type='QStackedWidget' visible='1'}
:Selection...._QPushButton	{container=':Customer History.Selection_QGroupBox' name='_list' text='...' type='QPushButton' visible='1'}
:Selection._titleLit_QLabel	{container=':Customer History.Selection_QGroupBox' name='_titleLit' type='QLabel' visible='1'}
:Show.Quotes For Prospects_XCheckBox	{container=':List Quotes.Show_QGroupBox' name='_showProspects' text='Quotes For Prospects' type='XCheckBox' visible='1'}
:_accountGroup.All Accounts_QRadioButton	{container=':General Ledger Transactions._accountGroup_QGroupBox' name='_allAccounts' text='All Accounts' type='QRadioButton' visible='1'}
:_amountGroup._currency_XComboBox	{container=':Cash Receipt._amountGroup_QGroupBox' name='_currency' type='XComboBox' visible='1'}
:_amountGroup._currency_XComboBox_2	{container=':Sales Order._amountGroup_QGroupBox' name='_currency' type='XComboBox' visible='1'}
:_amountGroup._currency_XComboBox_3	{container=':Quote._amountGroup_QGroupBox' name='_currency' type='XComboBox' visible='1'}
:_amountGroup._currency_XComboBox_4	{container=':Sales Order._amountGroup_QGroupBox_2' name='_currency' type='XComboBox' visible='1'}
:_amountGroup._currency_XLineEdit	{container=':Cash Receipt._amountGroup_QGroupBox' leftWidget=':_amountGroup._currency_XComboBox' type='XLineEdit' unnamed='1' visible='1'}
:_amountGroup._currency_XLineEdit_2	{container=':Sales Order._amountGroup_QGroupBox' leftWidget=':_amountGroup._currency_XComboBox_2' type='XLineEdit' unnamed='1' visible='1'}
:_amountGroup._currency_XLineEdit_3	{container=':Quote._amountGroup_QGroupBox' leftWidget=':_amountGroup._currency_XComboBox_3' type='XLineEdit' unnamed='1' visible='1'}
:_amountGroup._currency_XLineEdit_4	{container=':Sales Order._amountGroup_QGroupBox_2' leftWidget=':_amountGroup._currency_XComboBox_4' type='XLineEdit' unnamed='1' visible='1'}
:_applicationsTab._aropen_XTreeWidget	{container=':qt_tabwidget_stackedwidget._applicationsTab_QWidget' name='_aropen' type='XTreeWidget' visible='1'}
:_cashRecptTab.New_QPushButton	{container=':qt_tabwidget_stackedwidget._cashRecptTab_QWidget' name='_newCashrcpt' text='New' type='QPushButton' visible='1'}
:_cashRecptTab.Post_QPushButton	{container=':qt_tabwidget_stackedwidget._cashRecptTab_QWidget' name='_postCashrcpt' text='Post' type='QPushButton' visible='1'}
:_cashRecptTab._cashrcpt_XTreeWidget	{container=':qt_tabwidget_stackedwidget._cashRecptTab_QWidget' name='_cashrcpt' type='XTreeWidget' visible='1'}
:_database_QLineEdit	{buddy=':Login Options.Database:_QLabel' name='_database' type='QLineEdit' visible='1'}
:_dateGroup.XDateEdit_XDateEdit	{container=':General Ledger Transactions._dateGroup_QGroupBox' name='XDateEdit' type='XDateEdit' visible='1'}
:_dateGroup.XDateEdit_XDateEdit_2	{container=':General Ledger Transactions._dateGroup_QGroupBox' name='XDateEdit' occurrence='2' type='XDateEdit' visible='1'}
:_frame.Password:_QLabel	{container=':Log In._frame_QFrame' name='_passwordLit' text='Password:' type='QLabel' visible='1'}
:_frame.Transactions:_QLabel	{container=':General Ledger Transactions._frame_QFrame' name='_gltransLit' text='Transactions:' type='QLabel' visible='1'}
:_frame.Username:_QLabel	{container=':Log In._frame_QFrame' name='_usernameLit' text='Username:' type='QLabel' visible='1'}
:_frame._custhist_XTreeWidget	{container=':Customer History._frame_QFrame' name='_custhist' type='XTreeWidget' visible='1'}
:_gltrans_XTreeWidget	{buddy=':_frame.Transactions:_QLabel' name='_gltrans' type='XTreeWidget' visible='1'}
:_headerPage...._QPushButton	{container=':qt_tabwidget_stackedwidget._headerPage_QWidget' name='_list' text='...' type='QPushButton' visible='1'}
:_headerPage...._QPushButton_2	{container=':qt_tabwidget_stackedwidget._headerPage_QWidget_2' name='_list' text='...' type='QPushButton' visible='1'}
:_headerPage...._QPushButton_3	{container=':qt_tabwidget_stackedwidget._headerPage_QWidget' name='_list' occurrence='2' text='...' type='QPushButton' visible='1'}
:_headerPage...._QPushButton_4	{container=':qt_tabwidget_stackedwidget._headerPage_QWidget_2' name='_list' occurrence='2' text='...' type='QPushButton' visible='1'}
:_headerPage.Print on Save_QCheckBox	{container=':qt_tabwidget_stackedwidget._headerPage_QWidget_2' name='_printSO' text='Print on Save' type='QCheckBox' visible='1'}
:_headerPage._custPONumber_XLineEdit	{container=':qt_tabwidget_stackedwidget._headerPage_QWidget' name='_custPONumber' type='XLineEdit' visible='1'}
:_headerPage._custPONumber_XLineEdit_2	{container=':qt_tabwidget_stackedwidget._headerPage_QWidget_2' name='_custPONumber' type='XLineEdit' visible='1'}
:_headerPage._orderNumber_XLineEdit	{container=':qt_tabwidget_stackedwidget._headerPage_QWidget' name='_orderNumber' type='XLineEdit' visible='1'}
:_headerPage._orderNumber_XLineEdit_2	{container=':qt_tabwidget_stackedwidget._headerPage_QWidget_2' name='_orderNumber' type='XLineEdit' visible='1'}
:_headerPage._titleLit_QLabel	{container=':qt_tabwidget_stackedwidget._headerPage_QWidget' name='_titleLit' type='QLabel' visible='1'}
:_headerPage._titleLit_QLabel_2	{container=':qt_tabwidget_stackedwidget._headerPage_QWidget_2' name='_titleLit' type='QLabel' visible='1'}
:_invGroup.Qty. Ordered:_QLabel	{container=':Quote._invGroup_QGroupBox' name='_qtyOrderedLit' text='Qty. Ordered:' type='QLabel' visible='1'}
:_invGroup.Qty. Ordered:_QLabel_2	{container=':Sales Order._invGroup_QGroupBox' name='_qtyOrderedLit' text='Qty. Ordered:' type='QLabel' visible='1'}
:_invchead_XTreeWidget	{buddy=':List Unposted Invoices.Unposted Invoices:_QLabel' name='_invchead' type='XTreeWidget' visible='1'}
:_invoiceNumber_XLineEdit	{buddy=':headerTab.Invoice #:_QLabel' name='_invoiceNumber' type='XLineEdit' visible='1'}
:_itemGroup...._QPushButton	{container=':Quote._itemGroup_QGroupBox' name='_itemList' text='...' type='QPushButton' visible='1'}
:_itemGroup...._QPushButton_2	{container=':Sales Order._itemGroup_QGroupBox' name='_itemList' text='...' type='QPushButton' visible='1'}
:_itemGroup...._QPushButton_3	{container=':Quantities on Hand by Item._itemGroup_QGroupBox' name='_itemList' text='...' type='QPushButton' visible='1'}
:_itemGroup.Items:_QLabel	{container=':Quote._itemGroup_QGroupBox' name='_itemsLit' text='Items:' type='QLabel' visible='1'}
:_itemGroup.Items:_QLabel_2	{container=':Sales Order._itemGroup_QGroupBox' name='_itemsLit' text='Items:' type='QLabel' visible='1'}
:_itemGroup.Items:_QLabel_3	{container=':Quantities on Hand by Item._itemGroup_QGroupBox' name='_itemsLit' text='Items:' type='QLabel' visible='1'}
:_itemGroup._itemNumber_ItemLineEdit	{container=':Sales Order._itemGroup_QGroupBox' name='_itemNumber' type='ItemLineEdit' visible='1'}
:_item_XTreeWidget	{buddy=':_itemGroup.Items:_QLabel' name='_item' type='XTreeWidget' visible='1'}
:_item_XTreeWidget_2	{buddy=':_itemGroup.Items:_QLabel_2' name='_item' type='XTreeWidget' visible='1'}
:_item_XTreeWidget_3	{buddy=':_itemGroup.Items:_QLabel_3' name='_item' type='XTreeWidget' visible='1'}
:_lineItemsPage.New_QPushButton	{container=':qt_tabwidget_stackedwidget._lineItemsPage_QWidget' name='_new' text='New' type='QPushButton' visible='1'}
:_lineItemsPage.New_QPushButton_2	{container=':qt_tabwidget_stackedwidget._lineItemsPage_QWidget_2' name='_new' text='New' type='QPushButton' visible='1'}
:_lineItemsPage._soitem_XTreeWidget	{container=':qt_tabwidget_stackedwidget._lineItemsPage_QWidget_2' name='_soitem' type='XTreeWidget' visible='1'}
:_lineItemsPage._soitem_XTreeWidget_2	{container=':qt_tabwidget_stackedwidget._lineItemsPage_QWidget' name='_soitem' type='XTreeWidget' visible='1'}
:_lineitemsTab.Select Balance_QPushButton	{container=':qt_tabwidget_stackedwidget._lineitemsTab_QWidget' name='_selectBalance' text='Select Balance' type='QPushButton' visible='1'}
:_listTab_XTreeWidget	{buddy=':_headerPage._titleLit_QLabel' name='_listTab' type='XTreeWidget' visible='1'}
:_listTab_XTreeWidget_2	{buddy=':Prospect._titleLit_QLabel' name='_listTab' type='XTreeWidget' visible='1'}
:_listTab_XTreeWidget_3	{buddy=':_headerPage._titleLit_QLabel_2' name='_listTab' type='XTreeWidget' visible='1'}
:_listTab_XTreeWidget_4	{buddy=':Issue to Shipping.Orders_QLabel' name='_listTab' type='XTreeWidget' visible='1'}
:_listTab_XTreeWidget_5	{buddy=':Cash Receipt._titleLit_QLabel' name='_listTab' type='XTreeWidget' visible='1'}
:_listTab_XTreeWidget_6	{buddy=':Selection._titleLit_QLabel' name='_listTab' type='XTreeWidget' visible='1'}
:_name_QLineEdit	{buddy=':Prospect.Prospect Name:_QLabel' name='_name' type='QLineEdit' visible='1'}
:_number_XLineEdit	{buddy=':Prospect.Prospect #:_QLabel' name='_number' type='XLineEdit' visible='1'}
:_orderGroup...._QPushButton	{container=':Select Order for Billing._orderGroup_QGroupBox' name='_soList' text='...' type='QPushButton' visible='1'}
:_password_QLineEdit	{buddy=':_frame.Password:_QLabel' name='_password' type='QLineEdit' visible='1'}
:_port_QLineEdit	{buddy=':Login Options.Port:_QLabel' name='_port' type='QLineEdit' visible='1'}
:_qoh_XTreeWidget	{buddy=':frame.Quantities on Hand_QLabel' name='_qoh' type='XTreeWidget' visible='1'}
:_qtyOrdered_XLineEdit	{buddy=':_invGroup.Qty. Ordered:_QLabel' name='_qtyOrdered' type='XLineEdit' visible='1'}
:_qtyOrdered_XLineEdit_2	{buddy=':_invGroup.Qty. Ordered:_QLabel_2' name='_qtyOrdered' type='XLineEdit' visible='1'}
:_quote_XTreeWidget	{buddy=':frame.Quotes:_QLabel' name='_quote' type='XTreeWidget' visible='1'}
:_salesrep_XComboBox	{buddy=':Prospect.Sales Rep:_QLabel' name='_salesrep' type='XComboBox' visible='1'}
:_schedGroup.XDateEdit_XDateEdit	{container=':Quote._schedGroup_QGroupBox' name='XDateEdit' type='XDateEdit' visible='1'}
:_schedGroup.XDateEdit_XDateEdit_2	{container=':Sales Order._schedGroup_QGroupBox' name='XDateEdit' type='XDateEdit' visible='1'}
:_schedGroup.XDateEdit_XDateEdit_3	{container=':Sales Order._schedGroup_QGroupBox' name='XDateEdit' occurrence='2' type='XDateEdit' visible='1'}
:_server_QLineEdit	{buddy=':Login Options.Server:_QLabel' name='_server' type='QLineEdit' visible='1'}
:_so_QScrollBar	{container=':frame._so_XTreeWidget' type='QScrollBar' unnamed='1' visible='1'}
:_so_QScrollBar_2	{container=':frame._so_XTreeWidget' occurrence='2' type='QScrollBar' unnamed='1' visible='1'}
:_sourceGroup.Selected Source:_QRadioButton	{container=':General Ledger Transactions._sourceGroup_QGroupBox' name='_selectedSource' text='Selected Source:' type='QRadioButton' visible='1'}
:_sourceGroup._source_XComboBox	{container=':General Ledger Transactions._sourceGroup_QGroupBox' name='_source' type='XComboBox' visible='1'}
:_taxzone_XComboBox	{buddy=':Prospect.Tax Zone:_QLabel' name='_taxzone' type='XComboBox' visible='1'}
:_username_QLineEdit	{buddy=':_frame.Username:_QLabel' name='_username' type='QLineEdit' visible='1'}
:_warehouse.All Sites_QRadioButton	{container=':Quantities on Hand by Item._warehouse_WarehouseGroup' name='_all' text='All Sites' type='QRadioButton' visible='1'}
:_warehouse.Selected:_QRadioButton	{container=':Quantities on Hand by Item._warehouse_WarehouseGroup' name='_selected' text='Selected:' type='QRadioButton' visible='1'}
:_warehouse._warehouses_WComboBox	{container=':Quantities on Hand by Item._warehouse_WarehouseGroup' name='_warehouses' type='WComboBox' visible='1'}
:frame.Convert_QPushButton	{container=':List Quotes.frame_QFrame' name='_convert' text='Convert' type='QPushButton' visible='1'}
:frame.Copy_QPushButton	{container=':List Open Sales Orders.frame_QFrame' name='_copy' text='Copy' type='QPushButton' visible='1'}
:frame.Delete_QPushButton	{container=':List Open Sales Orders.frame_QFrame' name='_delete' text='Delete' type='QPushButton' visible='1'}
:frame.Delete_QPushButton_2	{container=':List Quotes.frame_QFrame' name='_delete' text='Delete' type='QPushButton' visible='1'}
:frame.Issue All Bal._QPushButton	{container=':Issue to Shipping.frame_QFrame' name='_issueAll' text='Issue All Bal.' type='QPushButton' visible='1'}
:frame.New_QPushButton	{container=':List Quotes.frame_QFrame' name='_new' text='New' type='QPushButton' visible='1'}
:frame.New_QPushButton_2	{container=':List Open Sales Orders.frame_QFrame' name='_new' text='New' type='QPushButton' visible='1'}
:frame.New_QPushButton_3	{container=':List Quotes.frame_QFrame_2' name='_new' text='New' type='QPushButton' visible='1'}
:frame.New_QPushButton_4	{container=':List Quotes.frame_QFrame_3' name='_new' text='New' type='QPushButton' visible='1'}
:frame.Quantities on Hand_QLabel	{container=':Quantities on Hand by Item.frame_QFrame' name='_qohLit' text='Quantities on Hand' type='QLabel' visible='1'}
:frame.Quotes:_QLabel	{container=':List Quotes.frame_QFrame' name='_quoteLit' text='Quotes:' type='QLabel' visible='1'}
:frame._so_XTreeWidget	{container=':List Open Sales Orders.frame_QFrame' name='_so' type='XTreeWidget' visible='1'}
:frame._soitem_XTreeWidget	{container=':Issue to Shipping.frame_QFrame' name='_soitem' type='XTreeWidget' visible='1'}
:groupBox.Create and Print Invoice_XCheckBox	{container=':Issue to Shipping.groupBox_QGroupBox_2' name='_create' text='Create and Print Invoice' type='XCheckBox' visible='1'}
:groupBox.Create and Print Invoice_XCheckBox_2	{container=':Issue to Shipping.groupBox_QGroupBox_3' name='_create' text='Create and Print Invoice' type='XCheckBox' visible='1'}
:groupBox.Create and Print Invoice_XCheckBox_3	{container=':Issue to Shipping.groupBox_QGroupBox' name='_create' text='Create and Print Invoice' type='XCheckBox' visible='1'}
:groupBox.Print Packing List_XCheckBox	{container=':Issue to Shipping.groupBox_QGroupBox_2' name='_print' text='Print Packing List' type='XCheckBox' visible='1'}
:groupBox.Print Packing List_XCheckBox_2	{container=':Issue to Shipping.groupBox_QGroupBox_3' name='_print' text='Print Packing List' type='XCheckBox' visible='1'}
:groupBox.Print Packing List_XCheckBox_3	{container=':Issue to Shipping.groupBox_QGroupBox' name='_print' text='Print Packing List' type='XCheckBox' visible='1'}
:groupBox.Select for Billing_QCheckBox	{container=':Issue to Shipping.groupBox_QGroupBox' name='_select' text='Select for Billing' type='QCheckBox' visible='1'}
:headerTab.Invoice #:_QLabel	{container=':qt_tabwidget_stackedwidget.headerTab_QWidget' name='_invoiceNumberLit' text='Invoice #:' type='QLabel' visible='1'}
:qt_tabwidget_stackedwidget._applicationsTab_QWidget	{container=':Cash Receipt.qt_tabwidget_stackedwidget_QStackedWidget' name='_applicationsTab' type='QWidget' visible='1'}
:qt_tabwidget_stackedwidget._cashRecptTab_QWidget	{container=':Receivables Workbench.qt_tabwidget_stackedwidget_QStackedWidget' name='_cashRecptTab' type='QWidget' visible='1'}
:qt_tabwidget_stackedwidget._headerPage_QWidget	{container=':Quote.qt_tabwidget_stackedwidget_QStackedWidget' name='_headerPage' type='QWidget' visible='1'}
:qt_tabwidget_stackedwidget._headerPage_QWidget_2	{container=':Sales Order.qt_tabwidget_stackedwidget_QStackedWidget' name='_headerPage' type='QWidget' visible='1'}
:qt_tabwidget_stackedwidget._headerPage_QWidget_3	{container=':Quote.qt_tabwidget_stackedwidget_QStackedWidget_2' name='_headerPage' type='QWidget' visible='1'}
:qt_tabwidget_stackedwidget._headerPage_QWidget_4	{container=':Sales Order.qt_tabwidget_stackedwidget_QStackedWidget_2' name='_headerPage' type='QWidget' visible='1'}
:qt_tabwidget_stackedwidget._lineItemsPage_QWidget	{container=':Quote.qt_tabwidget_stackedwidget_QStackedWidget' name='_lineItemsPage' type='QWidget' visible='1'}
:qt_tabwidget_stackedwidget._lineItemsPage_QWidget_2	{container=':Sales Order.qt_tabwidget_stackedwidget_QStackedWidget' name='_lineItemsPage' type='QWidget' visible='1'}
:qt_tabwidget_stackedwidget._lineitemsTab_QWidget	{container=':Select Order for Billing.qt_tabwidget_stackedwidget_QStackedWidget' name='_lineitemsTab' type='QWidget' visible='1'}
:qt_tabwidget_stackedwidget.headerTab_QWidget	{container=':Invoice.qt_tabwidget_stackedwidget_QStackedWidget' name='headerTab' type='QWidget' visible='1'}
:xTuple ERP:  *.Reports_QMenu	{name='menu.accnt.arreports' title='Reports' type='QMenu' visible='1' window=':xTuple ERP: Manufacturing Edition 3.3.0 - Practice Database on 192.168.1.61/1demo330-mfg AS admin_GUIClient_2'}
:xTuple ERP:  *.System_QMenu	{name='menu.sys' title='System' type='QMenu' visible='1' window=':xTuple ERP: PostBooks Edition 3.3.0 - Empty Practice Database on 192.168.1.61/1empty330-pb AS admin_GUIClient'}
:xTuple ERP: *.Accounting_QMenu	{name='menu.accnt' title='Accounting' type='QMenu' visible='1' window=':xTuple ERP: Manufacturing Edition 3.3.0 - Practice Database on 192.168.1.61/1demo330-mfg AS admin_GUIClient_2'}
:xTuple ERP: *.Accounts Receivable_QMenu	{name='menu.accnt.ar' title='Accounts Receivable' type='QMenu' visible='1' window=':xTuple ERP: Manufacturing Edition 3.3.0 - Practice Database on 192.168.1.61/1demo330-mfg AS admin_GUIClient_2'}
:xTuple ERP: *.Billing_QMenu	{name='menu.sales.billing' title='Billing' type='QMenu' visible='1' window=':xTuple ERP: Manufacturing Edition 3.3.0 - Practice Database on 192.168.1.61/1demo330-mfg AS admin_GUIClient_2'}
:xTuple ERP: *.Customer_QMenu	{name='menu.sales.customer' title='Customer' type='QMenu' visible='1' window=':xTuple ERP: Manufacturing Edition 3.3.0 - Practice Database on 192.168.1.61/1demo330-mfg AS admin_GUIClient_2'}
:xTuple ERP: *.General Ledger_QMenu	{name='menu.accnt.gl' title='General Ledger' type='QMenu' visible='1' window=':xTuple ERP: Manufacturing Edition 3.3.0 - Practice Database on 192.168.1.61/1demo330-mfg AS admin_GUIClient_2'}
:xTuple ERP: *.Inventory_QMenu	{name='menu.im' title='Inventory' type='QMenu' visible='1' window=':xTuple ERP: Manufacturing Edition 3.3.0 - Practice Database on 192.168.1.61/1demo330-mfg AS admin_GUIClient_2'}
:xTuple ERP: *.Invoice_QMenu	{name='menu.sales.billinginvoices' title='Invoice' type='QMenu' visible='1' window=':xTuple ERP: Manufacturing Edition 3.3.0 - Practice Database on 192.168.1.61/1demo330-mfg AS admin_GUIClient_2'}
:xTuple ERP: *.Master Information_QMenu	{name='menu.sys.masterinfo' title='Master Information' type='QMenu' visible='1' window=':xTuple ERP: PostBooks Edition 3.3.0 - Empty Practice Database on 192.168.1.61/1empty330-pb AS admin_GUIClient'}
:xTuple ERP: *.Prospect_QMenu	{name='menu.sales.prospect' title='Prospect' type='QMenu' visible='1' window=':xTuple ERP: Manufacturing Edition 3.3.0 - Practice Database on 192.168.1.61/1demo330-mfg AS admin_GUIClient_2'}
:xTuple ERP: *.Quantities On Hand_QMenu	{name='menu.im.reports.qoh' title='Quantities On Hand' type='QMenu' visible='1' window=':xTuple ERP: Manufacturing Edition 3.3.0 - Practice Database on 192.168.1.61/1demo330-mfg AS admin_GUIClient_2'}
:xTuple ERP: *.Quote_QMenu	{name='menu.sales.quotes' title='Quote' type='QMenu' visible='1' window=':xTuple ERP: Manufacturing Edition 3.3.0 - Practice Database on 192.168.1.61/1demo330-mfg AS admin_GUIClient'}
:xTuple ERP: *.Reports_QMenu	{name='menu.accnt.gl.glreports' title='Reports' type='QMenu' visible='1' window=':xTuple ERP: Manufacturing Edition 3.3.0 - Practice Database on 192.168.1.61/1demo330-mfg AS admin_GUIClient_2'}
:xTuple ERP: *.Sales Order_QMenu	{name='menu.sales.orders' title='Sales Order' type='QMenu' visible='1' window=':xTuple ERP: Manufacturing Edition 3.3.0 - Practice Database on 192.168.1.61/1demo330-mfg AS admin_GUIClient_2'}
:xTuple ERP: *.Sales_QMenu	{name='menu.sales' title='Sales' type='QMenu' visible='1' window=':xTuple ERP: Manufacturing Edition 3.3.0 - Practice Database on 192.168.1.61/1demo330-mfg AS admin_GUIClient'}
:xTuple ERP: *.Shipping_QMenu	{name='menu.im.shipping' title='Shipping' type='QMenu' visible='1' window=':xTuple ERP: Manufacturing Edition 3.3.0 - Practice Database on 192.168.1.61/1demo330-mfg AS admin_GUIClient_2'}
:xTuple ERP: *.System_QMenu	{name='menu.sys' title='System' type='QMenu' visible='1' window=':xTuple ERP: Manufacturing Edition 3.3.0 - Practice Database on 192.168.1.61/9demo330-mfg AS admin_GUIClient'}
:xTuple ERP: *._System_QMenu	{name='menu.sys' title='System' type='QMenu' visible='1' window=':xTuple ERP: Manufacturing Edition 3.3.0 - Practice Database on 192.168.1.61/1demo330-mfg AS admin_GUIClient_2'}
:xTuple ERP: *_.Master Information_QMenu	{name='menu.sys.masterinfo' title='Master Information' type='QMenu' visible='1' window=':xTuple ERP: Manufacturing Edition 3.3.0 - Practice Database on 192.168.1.61/1demo330-mfg AS admin_GUIClient_2'}
:xTuple ERP: *_.Reports_QMenu	{name='menu.im.reports' title='Reports' type='QMenu' visible='1' window=':xTuple ERP: Manufacturing Edition 3.3.0 - Practice Database on 192.168.1.61/1demo330-mfg AS admin_GUIClient_2'}
:xTuple ERP: *_QMenuBar	{type='QMenuBar' unnamed='1' visible='1' window=':xTuple ERP: Manufacturing Edition 3.3.0 - Practice Database on 192.168.1.61/1demo330-mfg AS admin_GUIClient'}
:xTuple ERP: Manufacturing Edition 3.3.0 - Practice Database on 192.168.1.61/10demo330-mfg AS admin.Issue to Shipping_QWorkspaceChild	{name='qt_workspacechild' type='QWorkspaceChild' visible='1' window=':xTuple ERP: Manufacturing Edition 3.3.0 - Practice Database on 192.168.1.61/10demo330-mfg AS admin_GUIClient' windowTitle='Issue to Shipping'}
:xTuple ERP: Manufacturing Edition 3.3.0 - Practice Database on 192.168.1.61/10demo330-mfg AS admin.List Quotes_QWorkspaceChild	{name='qt_workspacechild' type='QWorkspaceChild' visible='1' window=':xTuple ERP: Manufacturing Edition 3.3.0 - Practice Database on 192.168.1.61/10demo330-mfg AS admin_GUIClient' windowTitle='List Quotes'}
:xTuple ERP: Manufacturing Edition 3.3.0 - Practice Database on 192.168.1.61/10demo330-mfg AS admin.Quote_QWorkspaceChild	{name='qt_workspacechild' type='QWorkspaceChild' visible='1' window=':xTuple ERP: Manufacturing Edition 3.3.0 - Practice Database on 192.168.1.61/10demo330-mfg AS admin_GUIClient' windowTitle='Quote'}
:xTuple ERP: Manufacturing Edition 3.3.0 - Practice Database on 192.168.1.61/10demo330-mfg AS admin_GUIClient	{type='GUIClient' unnamed='1' visible='1' windowTitle='xTuple ERP: Manufacturing Edition 3.3.0 - Practice Database on 192.168.1.61/10demo330-mfg AS admin'}
:xTuple ERP: Manufacturing Edition 3.3.0 - Practice Database on 192.168.1.61/1demo330-mfg AS admin.Billing Selections_QWorkspaceChild	{name='qt_workspacechild' type='QWorkspaceChild' visible='1' window=':xTuple ERP: Manufacturing Edition 3.3.0 - Practice Database on 192.168.1.61/1demo330-mfg AS admin_GUIClient_2' windowTitle='Billing Selections'}
:xTuple ERP: Manufacturing Edition 3.3.0 - Practice Database on 192.168.1.61/1demo330-mfg AS admin.Cash Receipt_QWorkspaceChild	{name='qt_workspacechild' type='QWorkspaceChild' visible='1' window=':xTuple ERP: Manufacturing Edition 3.3.0 - Practice Database on 192.168.1.61/1demo330-mfg AS admin_GUIClient_2' windowTitle='Cash Receipt'}
:xTuple ERP: Manufacturing Edition 3.3.0 - Practice Database on 192.168.1.61/1demo330-mfg AS admin.Customer History_QWorkspaceChild	{name='qt_workspacechild' type='QWorkspaceChild' visible='1' window=':xTuple ERP: Manufacturing Edition 3.3.0 - Practice Database on 192.168.1.61/1demo330-mfg AS admin_GUIClient_2' windowTitle='Customer History'}
:xTuple ERP: Manufacturing Edition 3.3.0 - Practice Database on 192.168.1.61/1demo330-mfg AS admin.General Ledger Transactions_QWorkspaceChild	{name='qt_workspacechild' type='QWorkspaceChild' visible='1' window=':xTuple ERP: Manufacturing Edition 3.3.0 - Practice Database on 192.168.1.61/1demo330-mfg AS admin_GUIClient_2' windowTitle='General Ledger Transactions'}
:xTuple ERP: Manufacturing Edition 3.3.0 - Practice Database on 192.168.1.61/1demo330-mfg AS admin.Invoice_QWorkspaceChild	{name='qt_workspacechild' type='QWorkspaceChild' visible='1' window=':xTuple ERP: Manufacturing Edition 3.3.0 - Practice Database on 192.168.1.61/1demo330-mfg AS admin_GUIClient_2' windowTitle='Invoice'}
:xTuple ERP: Manufacturing Edition 3.3.0 - Practice Database on 192.168.1.61/1demo330-mfg AS admin.Issue to Shipping_QWorkspaceChild	{name='qt_workspacechild' type='QWorkspaceChild' visible='1' window=':xTuple ERP: Manufacturing Edition 3.3.0 - Practice Database on 192.168.1.61/1demo330-mfg AS admin_GUIClient_2' windowTitle='Issue to Shipping'}
:xTuple ERP: Manufacturing Edition 3.3.0 - Practice Database on 192.168.1.61/1demo330-mfg AS admin.List Customers_QWorkspaceChild	{name='qt_workspacechild' type='QWorkspaceChild' visible='1' window=':xTuple ERP: Manufacturing Edition 3.3.0 - Practice Database on 192.168.1.61/1demo330-mfg AS admin_GUIClient_2' windowTitle='List Customers'}
:xTuple ERP: Manufacturing Edition 3.3.0 - Practice Database on 192.168.1.61/1demo330-mfg AS admin.List Open Sales Orders_QWorkspaceChild	{name='qt_workspacechild' type='QWorkspaceChild' visible='1' window=':xTuple ERP: Manufacturing Edition 3.3.0 - Practice Database on 192.168.1.61/1demo330-mfg AS admin_GUIClient_2' windowTitle='List Open Sales Orders'}
:xTuple ERP: Manufacturing Edition 3.3.0 - Practice Database on 192.168.1.61/1demo330-mfg AS admin.List Prospects_QWorkspaceChild	{name='qt_workspacechild' type='QWorkspaceChild' visible='1' window=':xTuple ERP: Manufacturing Edition 3.3.0 - Practice Database on 192.168.1.61/1demo330-mfg AS admin_GUIClient_2' windowTitle='List Prospects'}
:xTuple ERP: Manufacturing Edition 3.3.0 - Practice Database on 192.168.1.61/1demo330-mfg AS admin.List Quotes_QWorkspaceChild	{name='qt_workspacechild' type='QWorkspaceChild' visible='1' window=':xTuple ERP: Manufacturing Edition 3.3.0 - Practice Database on 192.168.1.61/1demo330-mfg AS admin_GUIClient_2' windowTitle='List Quotes'}
:xTuple ERP: Manufacturing Edition 3.3.0 - Practice Database on 192.168.1.61/1demo330-mfg AS admin.List Unposted Invoices_QWorkspaceChild	{name='qt_workspacechild' type='QWorkspaceChild' visible='1' window=':xTuple ERP: Manufacturing Edition 3.3.0 - Practice Database on 192.168.1.61/1demo330-mfg AS admin_GUIClient_2' windowTitle='List Unposted Invoices'}
:xTuple ERP: Manufacturing Edition 3.3.0 - Practice Database on 192.168.1.61/1demo330-mfg AS admin.Prospect_QWorkspaceChild	{name='qt_workspacechild' type='QWorkspaceChild' visible='1' window=':xTuple ERP: Manufacturing Edition 3.3.0 - Practice Database on 192.168.1.61/1demo330-mfg AS admin_GUIClient_2' windowTitle='Prospect'}
:xTuple ERP: Manufacturing Edition 3.3.0 - Practice Database on 192.168.1.61/1demo330-mfg AS admin.Quantities on Hand by Item_QWorkspaceChild	{name='qt_workspacechild' type='QWorkspaceChild' visible='1' window=':xTuple ERP: Manufacturing Edition 3.3.0 - Practice Database on 192.168.1.61/1demo330-mfg AS admin_GUIClient_2' windowTitle='Quantities on Hand by Item'}
:xTuple ERP: Manufacturing Edition 3.3.0 - Practice Database on 192.168.1.61/1demo330-mfg AS admin.Quote_QWorkspaceChild	{name='qt_workspacechild' type='QWorkspaceChild' visible='1' window=':xTuple ERP: Manufacturing Edition 3.3.0 - Practice Database on 192.168.1.61/1demo330-mfg AS admin_GUIClient_2' windowTitle='Quote'}
:xTuple ERP: Manufacturing Edition 3.3.0 - Practice Database on 192.168.1.61/1demo330-mfg AS admin.Receivables Workbench_QWorkspaceChild	{name='qt_workspacechild' type='QWorkspaceChild' visible='1' window=':xTuple ERP: Manufacturing Edition 3.3.0 - Practice Database on 192.168.1.61/1demo330-mfg AS admin_GUIClient_2' windowTitle='Receivables Workbench'}
:xTuple ERP: Manufacturing Edition 3.3.0 - Practice Database on 192.168.1.61/1demo330-mfg AS admin.Sales Order_QWorkspaceChild	{name='qt_workspacechild' type='QWorkspaceChild' visible='1' window=':xTuple ERP: Manufacturing Edition 3.3.0 - Practice Database on 192.168.1.61/1demo330-mfg AS admin_GUIClient_2' windowTitle='Sales Order'}
:xTuple ERP: Manufacturing Edition 3.3.0 - Practice Database on 192.168.1.61/1demo330-mfg AS admin.Select Order for Billing_QWorkspaceChild	{name='qt_workspacechild' type='QWorkspaceChild' visible='1' window=':xTuple ERP: Manufacturing Edition 3.3.0 - Practice Database on 192.168.1.61/1demo330-mfg AS admin_GUIClient_2' windowTitle='Select Order for Billing'}
:xTuple ERP: Manufacturing Edition 3.3.0 - Practice Database on 192.168.1.61/1demo330-mfg AS admin_GUIClient	{type='GUIClient' unnamed='1' visible?='1'}
:xTuple ERP: Manufacturing Edition 3.3.0 - Practice Database on 192.168.1.61/1demo330-mfg AS admin_GUIClient_2	{type='GUIClient' unnamed='1' visible='1' windowTitle?='xTuple ERP:*'}
:xTuple ERP: Manufacturing Edition 3.3.0 - Practice Database on 192.168.1.61/9demo330-mfg AS admin.Issue to Shipping_QWorkspaceChild	{name='qt_workspacechild' type='QWorkspaceChild' visible='1' window=':xTuple ERP: Manufacturing Edition 3.3.0 - Practice Database on 192.168.1.61/9demo330-mfg AS admin_GUIClient' windowTitle='Issue to Shipping'}
:xTuple ERP: Manufacturing Edition 3.3.0 - Practice Database on 192.168.1.61/9demo330-mfg AS admin.List Quotes_QWorkspaceChild	{name='qt_workspacechild' type='QWorkspaceChild' visible='1' window=':xTuple ERP: Manufacturing Edition 3.3.0 - Practice Database on 192.168.1.61/9demo330-mfg AS admin_GUIClient' windowTitle='List Quotes'}
:xTuple ERP: Manufacturing Edition 3.3.0 - Practice Database on 192.168.1.61/9demo330-mfg AS admin_GUIClient	{type='GUIClient' unnamed='1' visible='1' windowTitle='xTuple ERP:*'}
:xTuple ERP: PostBooks Edition 3.3.0 - Empty Practice Database on 192.168.1.61/1empty330-pb AS admin.Quote_QWorkspaceChild	{name='qt_workspacechild' type='QWorkspaceChild' visible='1' window=':xTuple ERP: PostBooks Edition 3.3.0 - Empty Practice Database on 192.168.1.61/1empty330-pb AS admin_GUIClient' windowTitle='Quote'}
:xTuple ERP: PostBooks Edition 3.3.0 - Empty Practice Database on 192.168.1.61/1empty330-pb AS admin.Sales Order_QWorkspaceChild	{name='qt_workspacechild' type='QWorkspaceChild' visible='1' window=':xTuple ERP: PostBooks Edition 3.3.0 - Empty Practice Database on 192.168.1.61/1empty330-pb AS admin_GUIClient' windowTitle='Sales Order'}
:xTuple ERP: PostBooks Edition 3.3.0 - Empty Practice Database on 192.168.1.61/1empty330-pb AS admin_GUIClient	{type='GUIClient' unnamed='1' visible='1' windowTitle='xTuple ERP: PostBooks Edition 3.3.0 - Empty Practice Database on 192.168.1.61/1empty330-pb AS admin'}
:xTuple ERP:*.Master Information_QMenu	{name='menu.sys.masterinfo' title='Master Information' type='QMenu' visible='1' window=':xTuple ERP: Manufacturing Edition 3.3.0 - Practice Database on 192.168.1.61/9demo330-mfg AS admin_GUIClient'}
